 module

 Timestamp is 5a946a7d (Mon Feb 26 12:13:49 2018)

 Preferred load address is 0000000180000000

 Start         Length     Name                   Class
 0001:00000000 00000110H .text$di                CODE
 0001:00000110 00020dd0H .text$mn                CODE
 0001:00020ee0 00000020H .text$mn$00             CODE
 0001:00020f00 00000560H .text$x                 CODE
 0001:00021460 00000174H .text$yd                CODE
 0002:00000000 00000388H .idata$5                DATA
 0002:00000388 00000010H .00cfg                  DATA
 0002:00000398 00000008H .CRT$XCA                DATA
 0002:000003a0 00000038H .CRT$XCC                DATA
 0002:000003d8 00000010H .CRT$XCL                DATA
 0002:000003e8 00000008H .CRT$XCU                DATA
 0002:000003f0 00000008H .CRT$XCZ                DATA
 0002:000003f8 00000008H .CRT$XIA                DATA
 0002:00000400 00000030H .CRT$XIC                DATA
 0002:00000430 00000008H .CRT$XIZ                DATA
 0002:00000438 00000008H .CRT$XLA                DATA
 0002:00000440 00000008H .CRT$XLZ                DATA
 0002:00000448 00000008H .CRT$XPA                DATA
 0002:00000450 00000010H .CRT$XPX                DATA
 0002:00000460 00000008H .CRT$XPXA               DATA
 0002:00000468 00000008H .CRT$XPZ                DATA
 0002:00000470 00000008H .CRT$XTA                DATA
 0002:00000478 00000008H .CRT$XTZ                DATA
 0002:00000480 0000fc90H .rdata                  DATA
 0002:00010110 00000028H .rdata$T                DATA
 0002:00010138 00000f6cH .rdata$r                DATA
 0002:000110a4 00000494H .rdata$zzzdbg           DATA
 0002:00011538 00000008H .rtc$IAA                DATA
 0002:00011540 00000008H .rtc$IZZ                DATA
 0002:00011548 00000008H .rtc$TAA                DATA
 0002:00011550 00000010H .rtc$TZZ                DATA
 0002:00011560 00001d90H .xdata                  DATA
 0002:000132f0 00000304H .xdata$x                DATA
 0002:000135f4 00000020H .didat$2                DATA
 0002:00013614 00000024H .didat$3                DATA
 0002:00013638 00000040H .didat$4                DATA
 0002:00013678 000000a0H .didat$6                DATA
 0002:00013718 00000048H .didat$7                DATA
 0002:00013760 00000050H .edata                  DATA
 0002:000137b0 00000078H .idata$2                DATA
 0002:00013828 00000018H .idata$3                DATA
 0002:00013840 00000388H .idata$4                DATA
 0002:00013bc8 000007e2H .idata$6                DATA
 0003:00000000 00000bb0H .data                   DATA
 0003:00000bb0 00000590H .data$r                 DATA
 0003:00001140 00000040H .didat$5                DATA
 0003:00001180 000019bcH .bss                    DATA
 0004:00000000 00001efcH .pdata                  DATA
 0005:00000000 000000b4H .gfids$x                DATA
 0005:000000b4 000001f4H .gfids$y                DATA
 0006:00000000 00000004H .tls                    DATA
 0006:00000004 00000004H .tls$                   DATA
 0006:00000008 00000001H .tls$ZZZ                DATA
 0007:00000000 00000060H .rsrc$01                DATA
 0007:00000060 00000180H .rsrc$02                DATA

  Address         Publics by Value              Rva+Base               Lib:Object

 0000:00000000       __guard_iat_count          0000000000000000     <absolute>
 0000:00000000       __dynamic_value_reloc_table 0000000000000000     <absolute>
 0000:00000000       __guard_iat_table          0000000000000000     <absolute>
 0000:00000000       __guard_longjmp_table      0000000000000000     <absolute>
 0000:00000000       __guard_longjmp_count      0000000000000000     <absolute>
 0000:00000000       __guard_fids_count         0000000000000000     <absolute>
 0000:00000000       ___safe_se_handler_table   0000000000000000     <absolute>
 0000:00000000       ___safe_se_handler_count   0000000000000000     <absolute>
 0000:00000000       __guard_fids_table         0000000000000000     <absolute>
 0000:00000100       __guard_flags              0000000000000100     <absolute>
 0000:00000000       __ImageBase                0000000180000000     <linker-defined>
 0001:00000110       __local_stdio_printf_options 0000000180001110 f i module.obj
 0001:00000120       printf                     0000000180001120 f i module.obj
 0001:00000180       ?what@exception@stdext@@UEBAPEBDXZ 0000000180001180 f i module.obj
 0001:000001a0       ?imbue@?$basic_streambuf@DU?$char_traits@D@std@@@std@@MEAAXAEBVlocale@2@@Z 00000001800011a0 f i libcpmt:cout.obj
 0001:000001a0       ?__global_delete@@YAXPEAX_K@Z 00000001800011a0 f i * CIL library *:* CIL module *
 0001:000001a0       __except_validate_context_record 00000001800011a0 f i libvcruntime:jbcxrval.obj
 0001:000001a0       ?_Unlock@?$basic_streambuf@DU?$char_traits@D@std@@@std@@UEAAXXZ 00000001800011a0 f i libcpmt:cout.obj
 0001:000001a0       _guard_check_icall_nop     00000001800011a0 f i LIBCMT:guard_support.obj
 0001:000001a0       ?__empty_global_delete@@YAXPEAX_K@Z 00000001800011a0 f i module.obj
 0001:000001a0       ?_Doraise@exception@stdext@@MEBAXXZ 00000001800011a0 f i module.obj
 0001:000001a0       ?_Lock@?$basic_streambuf@DU?$char_traits@D@std@@@std@@UEAAXXZ 00000001800011a0 f i libcpmt:cout.obj
 0001:000001b0       ??_Eexception@stdext@@UEAAPEAXI@Z 00000001800011b0 f i * CIL library *:* CIL module *
 0001:000001b0       ??_Eruntime_error@std@@UEAAPEAXI@Z 00000001800011b0 f i * CIL library *:* CIL module *
 0001:000001b0       ??_Gruntime_error@std@@UEAAPEAXI@Z 00000001800011b0 f i module.obj
 0001:000001b0       ??_Gexception@stdext@@UEAAPEAXI@Z 00000001800011b0 f i module.obj
 0001:000001e0       ?_Deallocate@std@@YAXPEAX_K1@Z 00000001800011e0 f i module.obj
 0001:00000250       ??1runtime_error@std@@UEAA@XZ 0000000180001250 f i module.obj
 0001:00000260       ??_E_Iostream_error_category@std@@UEAAPEAXI@Z 0000000180001260 f i * CIL library *:* CIL module *
 0001:00000260       ??_Eerror_category@std@@UEAAPEAXI@Z 0000000180001260 f i * CIL library *:* CIL module *
 0001:00000260       ??_G_Iostream_error_category@std@@UEAAPEAXI@Z 0000000180001260 f i module.obj
 0001:00000260       ??_Gerror_category@std@@UEAAPEAXI@Z 0000000180001260 f i module.obj
 0001:00000290       ?default_error_condition@error_category@std@@UEBA?AVerror_condition@2@H@Z 0000000180001290 f i module.obj
 0001:000002a0       ?equivalent@error_category@std@@UEBA_NHAEBVerror_condition@2@@Z 00000001800012a0 f i module.obj
 0001:000002e0       ?equivalent@error_category@std@@UEBA_NAEBVerror_code@2@H@Z 00000001800012e0 f i module.obj
 0001:00000300       ??0_System_error@std@@IEAA@Verror_code@1@AEBV?$basic_string@DU?$char_traits@D@std@@V?$allocator@D@2@@1@@Z 0000000180001300 f i module.obj
 0001:000004c0       ??_Efailure@ios_base@std@@UEAAPEAXI@Z 00000001800014c0 f i * CIL library *:* CIL module *
 0001:000004c0       ??_E_System_error@std@@UEAAPEAXI@Z 00000001800014c0 f i * CIL library *:* CIL module *
 0001:000004c0       ??_Esystem_error@std@@UEAAPEAXI@Z 00000001800014c0 f i * CIL library *:* CIL module *
 0001:000004c0       ??_Gfailure@ios_base@std@@UEAAPEAXI@Z 00000001800014c0 f i module.obj
 0001:000004c0       ??_G_System_error@std@@UEAAPEAXI@Z 00000001800014c0 f i module.obj
 0001:000004c0       ??_Gsystem_error@std@@UEAAPEAXI@Z 00000001800014c0 f i module.obj
 0001:000004f0       ??0system_error@std@@QEAA@Verror_code@1@PEBD@Z 00000001800014f0 f i module.obj
 0001:000005f0       ?name@_Iostream_error_category@std@@UEBAPEBDXZ 00000001800015f0 f i module.obj
 0001:00000600       ?message@_Iostream_error_category@std@@UEBA?AV?$basic_string@DU?$char_traits@D@std@@V?$allocator@D@2@@2@H@Z 0000000180001600 f i module.obj
 0001:00000680       ?clear@ios_base@std@@QEAAXH_N@Z 0000000180001680 f i module.obj
 0001:00000800       ??_EImage@Gdiplus@@UEAAPEAXI@Z 0000000180001800 f i * CIL library *:* CIL module *
 0001:00000800       ??_GImage@Gdiplus@@UEAAPEAXI@Z 0000000180001800 f i module.obj
 0001:00000860       ?Clone@Image@Gdiplus@@UEAAPEAV12@XZ 0000000180001860 f i module.obj
 0001:000008c0       ?GetEncoderClsid@@YAHPEB_WPEAU_GUID@@@Z 00000001800018c0 f   module.obj
 0001:000009d0       ?MyFunction@@YAPEAUnapi_value__@@PEAUnapi_env__@@PEAUnapi_callback_info__@@@Z 00000001800019d0 f   module.obj
 0001:00000a90       ?HelloWorld@@YAPEAUnapi_value__@@PEAUnapi_env__@@PEAUnapi_callback_info__@@@Z 0000000180001a90 f   module.obj
 0001:00000ab0       ?saveBitmap@@YA_NPEBDPEAUHBITMAP__@@PEAUHPALETTE__@@@Z 0000000180001ab0 f   module.obj
 0001:00000c30       ?screenCapturePart@@YA_NHHHHPEBD@Z 0000000180001c30 f   module.obj
 0001:00000d10       ?ConvertBmpToPng@@YAHXZ    0000000180001d10 f   module.obj
 0001:00000e00       ?Test1@@YAPEAUnapi_value__@@PEAUnapi_env__@@PEAUnapi_callback_info__@@@Z 0000000180001e00 f   module.obj
 0001:00000e20       ?Init@@YAPEAUnapi_value__@@PEAUnapi_env__@@PEAU1@@Z 0000000180001e20 f   module.obj
 0001:00000f40       ??1?$basic_string@DU?$char_traits@D@std@@V?$allocator@D@2@@std@@QEAA@XZ 0000000180001f40 f i module.obj
 0001:00000fd0       ??0?$basic_string@DU?$char_traits@D@std@@V?$allocator@D@2@@std@@QEAA@$$QEAV01@@Z 0000000180001fd0 f i module.obj
 0001:00001070       ?assign@?$basic_string@DU?$char_traits@D@std@@V?$allocator@D@2@@std@@QEAAAEAV12@AEBV12@_K1@Z 0000000180002070 f i module.obj
 0001:000011a0       ?append@?$basic_string@DU?$char_traits@D@std@@V?$allocator@D@2@@std@@QEAAAEAV12@PEBD_K@Z 00000001800021a0 f i module.obj
 0001:000012f0       ?append@?$basic_string@DU?$char_traits@D@std@@V?$allocator@D@2@@std@@QEAAAEAV12@AEBV12@_K1@Z 00000001800022f0 f i module.obj
 0001:00001420       ?_Xlen@?$basic_string@DU?$char_traits@D@std@@V?$allocator@D@2@@std@@QEBAXXZ 0000000180002420 f i module.obj
 0001:00001440       ?erase@?$basic_string@DU?$char_traits@D@std@@V?$allocator@D@2@@std@@QEAAAEAV12@_K0@Z 0000000180002440 f i module.obj
 0001:00001510       ?assign@?$basic_string@DU?$char_traits@D@std@@V?$allocator@D@2@@std@@QEAAAEAV12@PEBD_K@Z 0000000180002510 f i module.obj
 0001:00001640       ?_Copy@?$basic_string@DU?$char_traits@D@std@@V?$allocator@D@2@@std@@QEAAX_K0@Z 0000000180002640 f i module.obj
 0001:000017c0       ??$_Immortalize@V_Iostream_error_category@std@@@std@@YAAEAV_Iostream_error_category@0@XZ 00000001800027c0 f i module.obj
 0001:00001840       ??$?6U?$char_traits@D@std@@@std@@YAAEAV?$basic_ostream@DU?$char_traits@D@std@@@0@AEAV10@PEBD@Z 0000000180002840 f i module.obj
 0001:00001ad0       ??0sentry@?$basic_ostream@DU?$char_traits@D@std@@@std@@QEAA@AEAV12@@Z 0000000180002ad0 f i module.obj
 0001:00001b40       ?flush@?$basic_ostream@DU?$char_traits@D@std@@@std@@QEAAAEAV12@XZ 0000000180002b40 f i module.obj
 0001:00001c7c       __imp_load_napi_create_function 0000000180002c7c f   node:node.exe
 0001:00001c88       __tailMerge_node_exe       0000000180002c88 f i node:node.exe
 0001:00001d01       __imp_load_napi_throw_error 0000000180002d01 f   node:node.exe
 0001:00001d0d       __imp_load_napi_create_int32 0000000180002d0d f   node:node.exe
 0001:00001d19       __imp_load_napi_module_register 0000000180002d19 f   node:node.exe
 0001:00001d25       __imp_load_napi_set_named_property 0000000180002d25 f   node:node.exe
 0001:00001d31       __imp_load_napi_get_value_int32 0000000180002d31 f   node:node.exe
 0001:00001d3d       __imp_load_napi_get_cb_info 0000000180002d3d f   node:node.exe
 0001:00001d4c       ??$use_facet@V?$codecvt@DDU_Mbstatet@@@std@@@std@@YAAEBV?$codecvt@DDU_Mbstatet@@@0@AEBVlocale@0@@Z 0000000180002d4c f i libcpmt:cout.obj
 0001:00001e84       ??$use_facet@V?$ctype@D@std@@@std@@YAAEBV?$ctype@D@0@AEBVlocale@0@@Z 0000000180002e84 f i libcpmt:cout.obj
 0001:00001fbc       ??0?$basic_ostream@DU?$char_traits@D@std@@@std@@QEAA@PEAV?$basic_streambuf@DU?$char_traits@D@std@@@1@_N@Z 0000000180002fbc f i libcpmt:cout.obj
 0001:00002084       ??0?$basic_streambuf@DU?$char_traits@D@std@@@std@@IEAA@XZ 0000000180003084 f i libcpmt:cout.obj
 0001:00002134       ??0_Init_cout@std@@QEAA@XZ 0000000180003134 f i libcpmt:cout.obj
 0001:000021a0       ??0_Locinfo@std@@QEAA@PEBD@Z 00000001800031a0 f i libcpmt:cout.obj
 0001:00002238       ??0bad_cast@std@@QEAA@AEBV01@@Z 0000000180003238 f i libcpmt:cout.obj
 0001:00002278       ??0bad_cast@std@@QEAA@XZ   0000000180003278 f i libcpmt:cout.obj
 0001:00002298       ??0exception@std@@QEAA@AEBV01@@Z 0000000180003298 f i libcpmt:cout.obj
 0001:000022d0       ??0runtime_error@std@@QEAA@AEBV01@@Z 00000001800032d0 f i libcpmt:cout.obj
 0001:00002310       ??0runtime_error@std@@QEAA@PEBD@Z 0000000180003310 f i libcpmt:cout.obj
 0001:0000235c       ??1?$_Yarn@D@std@@QEAA@XZ  000000018000335c f i libcpmt:cout.obj
 0001:0000235c       ??1?$_Yarn@_W@std@@QEAA@XZ 000000018000335c f i libcpmt:cout.obj
 0001:0000237c       ??1?$basic_filebuf@DU?$char_traits@D@std@@@std@@UEAA@XZ 000000018000337c f i libcpmt:cout.obj
 0001:00002428       ??1?$basic_ios@DU?$char_traits@D@std@@@std@@UEAA@XZ 0000000180003428 f i libcpmt:cout.obj
 0001:0000244c       ??1_Locinfo@std@@QEAA@XZ   000000018000344c f i libcpmt:cout.obj
 0001:000024ec       ??1locale@std@@QEAA@XZ     00000001800034ec f i libcpmt:cout.obj
 0001:0000254c       ??_E?$basic_ostream@DU?$char_traits@D@std@@@std@@$4PPPPPPPM@A@EAAPEAXI@Z 000000018000354c f i libcpmt:cout.obj
 0001:00002558       ??_G?$basic_filebuf@DU?$char_traits@D@std@@@std@@UEAAPEAXI@Z 0000000180003558 f i libcpmt:cout.obj
 0001:00002558       ??_E?$basic_filebuf@DU?$char_traits@D@std@@@std@@UEAAPEAXI@Z 0000000180003558 f i libcpmt:cout.obj
 0001:0000258c       ??_G?$basic_ios@DU?$char_traits@D@std@@@std@@UEAAPEAXI@Z 000000018000358c f i libcpmt:cout.obj
 0001:0000258c       ??_E?$basic_ios@DU?$char_traits@D@std@@@std@@UEAAPEAXI@Z 000000018000358c f i libcpmt:cout.obj
 0001:000025d8       ??_G?$basic_ostream@DU?$char_traits@D@std@@@std@@UEAAPEAXI@Z 00000001800035d8 f i libcpmt:cout.obj
 0001:000025d8       ??_E?$basic_ostream@DU?$char_traits@D@std@@@std@@UEAAPEAXI@Z 00000001800035d8 f i libcpmt:cout.obj
 0001:00002648       ??_G?$basic_streambuf@DU?$char_traits@D@std@@@std@@UEAAPEAXI@Z 0000000180003648 f i libcpmt:cout.obj
 0001:00002648       ??_E?$basic_streambuf@DU?$char_traits@D@std@@@std@@UEAAPEAXI@Z 0000000180003648 f i libcpmt:cout.obj
 0001:00002698       ??_G?$codecvt@DDU_Mbstatet@@@std@@MEAAPEAXI@Z 0000000180003698 f i libcpmt:cout.obj
 0001:00002698       ??_E?$codecvt@DDU_Mbstatet@@@std@@MEAAPEAXI@Z 0000000180003698 f i libcpmt:cout.obj
 0001:000026c4       ??_E?$ctype@D@std@@MEAAPEAXI@Z 00000001800036c4 f i libcpmt:cout.obj
 0001:000026c4       ??_G?$ctype@D@std@@MEAAPEAXI@Z 00000001800036c4 f i libcpmt:cout.obj
 0001:00002730       ??_E_Facet_base@std@@UEAAPEAXI@Z 0000000180003730 f i libcpmt:cout.obj
 0001:00002730       ??_G_Facet_base@std@@UEAAPEAXI@Z 0000000180003730 f i libcpmt:cout.obj
 0001:0000275c       ??_Ebad_exception@std@@UEAAPEAXI@Z 000000018000375c f i libvcruntime:frame.obj
 0001:0000275c       ??_Glength_error@std@@UEAAPEAXI@Z 000000018000375c f i libcpmt:xthrow.obj
 0001:0000275c       ??_Gexception@std@@UEAAPEAXI@Z 000000018000375c f i libcpmt:cout.obj
 0001:0000275c       ??_Gbad_cast@std@@UEAAPEAXI@Z 000000018000375c f i libcpmt:cout.obj
 0001:0000275c       ??_Elogic_error@std@@UEAAPEAXI@Z 000000018000375c f i libcpmt:xthrow.obj
 0001:0000275c       ??_Eout_of_range@std@@UEAAPEAXI@Z 000000018000375c f i libcpmt:xthrow.obj
 0001:0000275c       ??_Gout_of_range@std@@UEAAPEAXI@Z 000000018000375c f i libcpmt:xthrow.obj
 0001:0000275c       ??_Eexception@std@@UEAAPEAXI@Z 000000018000375c f i libcpmt:cout.obj
 0001:0000275c       ??_Gbad_exception@std@@UEAAPEAXI@Z 000000018000375c f i libvcruntime:frame.obj
 0001:0000275c       ??_Ebad_cast@std@@UEAAPEAXI@Z 000000018000375c f i libcpmt:cout.obj
 0001:0000275c       ??_Ebad_alloc@std@@UEAAPEAXI@Z 000000018000375c f i libcpmt:xthrow.obj
 0001:0000275c       ??_Gbad_alloc@std@@UEAAPEAXI@Z 000000018000375c f i libcpmt:xthrow.obj
 0001:0000275c       ??_Glogic_error@std@@UEAAPEAXI@Z 000000018000375c f i libcpmt:xthrow.obj
 0001:0000275c       ??_Gbad_array_new_length@std@@UEAAPEAXI@Z 000000018000375c f i LIBCMT:throw_bad_alloc.obj
 0001:0000275c       ??_Ebad_array_new_length@std@@UEAAPEAXI@Z 000000018000375c f i LIBCMT:throw_bad_alloc.obj
 0001:0000275c       ??_Elength_error@std@@UEAAPEAXI@Z 000000018000375c f i libcpmt:xthrow.obj
 0001:000027a0       ??_Eios_base@std@@UEAAPEAXI@Z 00000001800037a0 f i libcpmt:cout.obj
 0001:000027a0       ??_Gios_base@std@@UEAAPEAXI@Z 00000001800037a0 f i libcpmt:cout.obj
 0001:000027ec       ??_Glocale@std@@QEAAPEAXI@Z 00000001800037ec f i libcpmt:cout.obj
 0001:0000287c       ?_Decref@facet@locale@std@@UEAAPEAV_Facet_base@3@XZ 000000018000387c f i libcpmt:cout.obj
 0001:0000288c       ?_Endwrite@?$basic_filebuf@DU?$char_traits@D@std@@@std@@IEAA_NXZ 000000018000388c f i libcpmt:cout.obj
 0001:00002a40       ?_Getcat@?$codecvt@DDU_Mbstatet@@@std@@SA_KPEAPEBVfacet@locale@2@PEBV42@@Z 0000000180003a40 f i libcpmt:cout.obj
 0001:00002b04       ?_Getcat@?$ctype@D@std@@SA_KPEAPEBVfacet@locale@2@PEBV42@@Z 0000000180003b04 f i libcpmt:cout.obj
 0001:00002be8       ?_Incref@facet@locale@std@@UEAAXXZ 0000000180003be8 f i libcpmt:cout.obj
 0001:00002bf0       ?_Init@?$basic_filebuf@DU?$char_traits@D@std@@@std@@IEAAXPEAU_iobuf@@W4_Initfl@12@@Z 0000000180003bf0 f i libcpmt:cout.obj
 0001:00002cdc       ?_Init@ios_base@std@@IEAAXXZ 0000000180003cdc f i libcpmt:cout.obj
 0001:00002d5c       ?_Initcvt@?$basic_filebuf@DU?$char_traits@D@std@@@std@@IEAAXPEBV?$codecvt@DDU_Mbstatet@@@2@@Z 0000000180003d5c f i libcpmt:cout.obj
 0001:00002dfc       ?_Lock@?$basic_filebuf@DU?$char_traits@D@std@@@std@@UEAAXXZ 0000000180003dfc f i libcpmt:cout.obj
 0001:00002e18       ?_Unlock@?$basic_filebuf@DU?$char_traits@D@std@@@std@@UEAAXXZ 0000000180003e18 f i libcpmt:cout.obj
 0001:00002e34       ?append@?$basic_string@DU?$char_traits@D@std@@V?$allocator@D@2@@std@@QEAAAEAV12@_KD@Z 0000000180003e34 f i libcpmt:cout.obj
 0001:00002f24       ?do_length@?$codecvt@DDU_Mbstatet@@@std@@MEBAHAEAU_Mbstatet@@PEBD1_K@Z 0000000180003f24 f i libcpmt:cout.obj
 0001:00002f38       ?do_narrow@?$ctype@D@std@@MEBAPEBDPEBD0DPEAD@Z 0000000180003f38 f i libcpmt:cout.obj
 0001:00002f58       ?do_out@?$codecvt@DDU_Mbstatet@@@std@@MEBAHAEAU_Mbstatet@@PEBD1AEAPEBDPEAD3AEAPEAD@Z 0000000180003f58 f i libcpmt:cout.obj
 0001:00002f58       ?do_in@?$codecvt@DDU_Mbstatet@@@std@@MEBAHAEAU_Mbstatet@@PEBD1AEAPEBDPEAD3AEAPEAD@Z 0000000180003f58 f i libcpmt:cout.obj
 0001:00002f74       ?do_tolower@?$ctype@D@std@@MEBADD@Z 0000000180003f74 f i libcpmt:cout.obj
 0001:00002f84       ?do_tolower@?$ctype@D@std@@MEBAPEBDPEADPEBD@Z 0000000180003f84 f i libcpmt:cout.obj
 0001:00002fe4       ?do_toupper@?$ctype@D@std@@MEBADD@Z 0000000180003fe4 f i libcpmt:cout.obj
 0001:00002ff4       ?do_toupper@?$ctype@D@std@@MEBAPEBDPEADPEBD@Z 0000000180003ff4 f i libcpmt:cout.obj
 0001:00003054       ?do_unshift@?$codecvt@DDU_Mbstatet@@@std@@MEBAHAEAU_Mbstatet@@PEAD1AEAPEAD@Z 0000000180004054 f i libcpmt:cout.obj
 0001:00003060       ?do_narrow@?$ctype@D@std@@MEBADDD@Z 0000000180004060 f i libcpmt:cout.obj
 0001:00003060       ?do_widen@?$ctype@D@std@@MEBADD@Z 0000000180004060 f i libcpmt:cout.obj
 0001:00003064       ?do_widen@?$ctype@D@std@@MEBAPEBDPEBD0PEAD@Z 0000000180004064 f i libcpmt:cout.obj
 0001:00003084       ?getloc@ios_base@std@@QEBA?AVlocale@2@XZ 0000000180004084 f i libcpmt:cout.obj
 0001:000030dc       ?imbue@?$basic_filebuf@DU?$char_traits@D@std@@@std@@MEAAXAEBVlocale@2@@Z 00000001800040dc f i libcpmt:cout.obj
 0001:00003100       ?overflow@?$basic_filebuf@DU?$char_traits@D@std@@@std@@MEAAHH@Z 0000000180004100 f i libcpmt:cout.obj
 0001:00003360       ?pbackfail@?$basic_streambuf@DU?$char_traits@D@std@@@std@@MEAAHH@Z 0000000180004360 f i libcpmt:cout.obj
 0001:00003360       ?underflow@?$basic_streambuf@DU?$char_traits@D@std@@@std@@MEAAHXZ 0000000180004360 f i libcpmt:cout.obj
 0001:00003360       ?overflow@?$basic_streambuf@DU?$char_traits@D@std@@@std@@MEAAHH@Z 0000000180004360 f i libcpmt:cout.obj
 0001:00003364       ?pbackfail@?$basic_filebuf@DU?$char_traits@D@std@@@std@@MEAAHH@Z 0000000180004364 f i libcpmt:cout.obj
 0001:00003434       ?seekoff@?$basic_filebuf@DU?$char_traits@D@std@@@std@@MEAA?AV?$fpos@U_Mbstatet@@@2@_JHH@Z 0000000180004434 f i libcpmt:cout.obj
 0001:00003520       ?seekpos@?$basic_streambuf@DU?$char_traits@D@std@@@std@@MEAA?AV?$fpos@U_Mbstatet@@@2@V32@H@Z 0000000180004520 f i libcpmt:cout.obj
 0001:00003520       ?seekoff@?$basic_streambuf@DU?$char_traits@D@std@@@std@@MEAA?AV?$fpos@U_Mbstatet@@@2@_JHH@Z 0000000180004520 f i libcpmt:cout.obj
 0001:0000353c       ?seekpos@?$basic_filebuf@DU?$char_traits@D@std@@@std@@MEAA?AV?$fpos@U_Mbstatet@@@2@V32@H@Z 000000018000453c f i libcpmt:cout.obj
 0001:0000363c       ?setbuf@?$basic_filebuf@DU?$char_traits@D@std@@@std@@MEAAPEAV?$basic_streambuf@DU?$char_traits@D@std@@@2@PEAD_J@Z 000000018000463c f i libcpmt:cout.obj
 0001:00003690       ?setbuf@?$basic_streambuf@DU?$char_traits@D@std@@@std@@MEAAPEAV12@PEAD_J@Z 0000000180004690 f i libcpmt:cout.obj
 0001:00003694       ?sync@?$basic_filebuf@DU?$char_traits@D@std@@@std@@MEAAHXZ 0000000180004694 f i libcpmt:cout.obj
 0001:000036f4       ?uflow@?$basic_filebuf@DU?$char_traits@D@std@@@std@@MEAAHXZ 00000001800046f4 f i libcpmt:cout.obj
 0001:0000398c       ?uflow@?$basic_streambuf@DU?$char_traits@D@std@@@std@@MEAAHXZ 000000018000498c f i libcpmt:cout.obj
 0001:000039d8       ?underflow@?$basic_filebuf@DU?$char_traits@D@std@@@std@@MEAAHXZ 00000001800049d8 f i libcpmt:cout.obj
 0001:00003a50       ?what@exception@std@@UEBAPEBDXZ 0000000180004a50 f i libcpmt:cout.obj
 0001:00003a64       ?widen@?$basic_ios@DU?$char_traits@D@std@@@std@@QEBADD@Z 0000000180004a64 f i libcpmt:cout.obj
 0001:00003b04       ?xsgetn@?$basic_streambuf@DU?$char_traits@D@std@@@std@@MEAA_JPEAD_J@Z 0000000180004b04 f i libcpmt:cout.obj
 0001:00003bc4       ?xsputn@?$basic_streambuf@DU?$char_traits@D@std@@@std@@MEAA_JPEBD_J@Z 0000000180004bc4 f i libcpmt:cout.obj
 0001:00003c88       ??0bad_alloc@std@@QEAA@AEBV01@@Z 0000000180004c88 f i libcpmt:xthrow.obj
 0001:00003cc8       ??0bad_alloc@std@@QEAA@XZ  0000000180004cc8 f i libcpmt:xthrow.obj
 0001:00003ce8       ??0length_error@std@@QEAA@AEBV01@@Z 0000000180004ce8 f i libcpmt:xthrow.obj
 0001:00003d28       ??0length_error@std@@QEAA@PEBD@Z 0000000180004d28 f i libcpmt:xthrow.obj
 0001:00003d74       ??0logic_error@std@@QEAA@AEBV01@@Z 0000000180004d74 f i libcpmt:xthrow.obj
 0001:00003db4       ??0out_of_range@std@@QEAA@AEBV01@@Z 0000000180004db4 f i libcpmt:xthrow.obj
 0001:00003df4       ??0out_of_range@std@@QEAA@PEBD@Z 0000000180004df4 f i libcpmt:xthrow.obj
 0001:00003e40       ?_Xbad_alloc@std@@YAXXZ    0000000180004e40 f   libcpmt:xthrow.obj
 0001:00003e40       ?__scrt_throw_std_bad_alloc@@YAXXZ 0000000180004e40 f   LIBCMT:throw_bad_alloc.obj
 0001:00003e60       ?_Xlength_error@std@@YAXPEBD@Z 0000000180004e60 f   libcpmt:xthrow.obj
 0001:00003e84       ?_Xout_of_range@std@@YAXPEBD@Z 0000000180004e84 f   libcpmt:xthrow.obj
 0001:00003ea8       ?_Syserror_map@std@@YAPEBDH@Z 0000000180004ea8 f   libcpmt:syserror.obj
 0001:00003ed0       ??0_Init_locks@std@@QEAA@XZ 0000000180004ed0 f   libcpmt:xlock.obj
 0001:00003f1c       ??0_Lockit@std@@QEAA@H@Z   0000000180004f1c f   libcpmt:xlock.obj
 0001:00003f58       ??1_Init_locks@std@@QEAA@XZ 0000000180004f58 f   libcpmt:xlock.obj
 0001:00003f9c       ??1_Lockit@std@@QEAA@XZ    0000000180004f9c f   libcpmt:xlock.obj
 0001:00003fd0       _Getctype                  0000000180004fd0 f   libcpmt:_tolower.obj
 0001:00004090       _Tolower                   0000000180005090 f   libcpmt:_tolower.obj
 0001:000041b8       _Toupper                   00000001800051b8 f   libcpmt:_toupper.obj
 0001:000042f0       ??4?$_Yarn@D@std@@QEAAAEAV01@PEBD@Z 00000001800052f0 f i libcpmt:locale0.obj
 0001:00004368       ??_G_Fac_node@std@@QEAAPEAXI@Z 0000000180005368 f i libcpmt:locale0.obj
 0001:000043f4       ??_G_Locimp@locale@std@@MEAAPEAXI@Z 00000001800053f4 f i libcpmt:locale0.obj
 0001:000043f4       ??_E_Locimp@locale@std@@MEAAPEAXI@Z 00000001800053f4 f i libcpmt:locale0.obj
 0001:00004460       ?_Facet_Register@std@@YAXPEAV_Facet_base@1@@Z 0000000180005460 f   libcpmt:locale0.obj
 0001:00004498       ?_Getgloballocale@locale@std@@CAPEAV_Locimp@12@XZ 0000000180005498 f   libcpmt:locale0.obj
 0001:000044a0       ?_Init@locale@std@@CAPEAV_Locimp@12@_N@Z 00000001800054a0 f   libcpmt:locale0.obj
 0001:0000455c       ?_Locimp_dtor@_Locimp@locale@std@@CAXPEAV123@@Z 000000018000555c f   libcpmt:locale0.obj
 0001:00004604       ?_Locinfo_ctor@_Locinfo@std@@SAXPEAV12@PEBD@Z 0000000180005604 f   libcpmt:locale0.obj
 0001:00004670       ?_Locinfo_dtor@_Locinfo@std@@SAXPEAV12@@Z 0000000180005670 f   libcpmt:locale0.obj
 0001:00004694       ?_New_Locimp@_Locimp@locale@std@@CAPEAV123@_N@Z 0000000180005694 f   libcpmt:locale0.obj
 0001:00004704       ?_Setgloballocale@locale@std@@CAXPEAX@Z 0000000180005704 f   libcpmt:locale0.obj
 0001:00004738       _Deletegloballocale        0000000180005738 f   libcpmt:locale0.obj
 0001:000047c0       ?_Addstd@ios_base@std@@SAXPEAV12@@Z 00000001800057c0 f   libcpmt:ios.obj
 0001:00004830       ?_Ios_base_dtor@ios_base@std@@CAXPEAV12@@Z 0000000180005830 f   libcpmt:ios.obj
 0001:00004874       ?_Tidy@ios_base@std@@AEAAXXZ 0000000180005874 f i libcpmt:ios.obj
 0001:00004904       ?_Atexit@@YAXP6AXXZ@Z      0000000180005904 f   libcpmt:iosptrs.obj
 0001:00004944       _Mtxdst                    0000000180005944 f   libcpmt:xmtx.obj
 0001:0000494c       _Mtxinit                   000000018000594c f   libcpmt:xmtx.obj
 0001:0000495c       _Mtxlock                   000000018000595c f   libcpmt:xmtx.obj
 0001:00004964       _Mtxunlock                 0000000180005964 f   libcpmt:xmtx.obj
 0001:0000496c       __crtLCMapStringA          000000018000596c f   libcpmt:StlLCMapStringA.obj
 0001:00005128       __crtInitializeCriticalSectionEx 0000000180006128 f   libcpmt:winapisupp.obj
 0001:00005188       GetTableIndexFromLocaleName 0000000180006188 f   libcpmt:winapinls.obj
 0001:00005214       __crtDownlevelLocaleNameToLCID 0000000180006214 f   libcpmt:winapinls.obj
 0001:00005248       __crtLCMapStringEx         0000000180006248 f   libcpmt:winapinls.obj
 0001:00005304       __wcsnicmp_ascii           0000000180006304 f   libcpmt:winapinls.obj
 0001:00005370       __security_check_cookie    0000000180006370 f   LIBCMT:_amdsecgs_.obj
 0001:000054dc       _Init_thread_footer        00000001800064dc f   LIBCMT:thread_safe_statics.obj
 0001:0000553c       _Init_thread_header        000000018000653c f   LIBCMT:thread_safe_statics.obj
 0001:000055a4       _Init_thread_notify        00000001800065a4 f   LIBCMT:thread_safe_statics.obj
 0001:00005600       _Init_thread_wait          0000000180006600 f   LIBCMT:thread_safe_statics.obj
 0001:00005698       ??2@YAPEAX_K@Z             0000000180006698 f   LIBCMT:new_scalar.obj
 0001:000056d4       __scrt_acquire_startup_lock 00000001800066d4 f   LIBCMT:utility.obj
 0001:00005710       __scrt_dllmain_after_initialize_c 0000000180006710 f   LIBCMT:utility.obj
 0001:00005744       __scrt_dllmain_before_initialize_c 0000000180006744 f   LIBCMT:utility.obj
 0001:0000575c       __scrt_dllmain_crt_thread_attach 000000018000675c f   LIBCMT:utility.obj
 0001:00005784       __scrt_dllmain_crt_thread_detach 0000000180006784 f   LIBCMT:utility.obj
 0001:0000579c       __scrt_dllmain_exception_filter 000000018000679c f   LIBCMT:utility.obj
 0001:00005800       __scrt_dllmain_uninitialize_c 0000000180006800 f   LIBCMT:utility.obj
 0001:00005830       __scrt_dllmain_uninitialize_critical 0000000180006830 f   LIBCMT:utility.obj
 0001:00005844       __scrt_initialize_crt      0000000180006844 f   LIBCMT:utility.obj
 0001:00005890       __scrt_initialize_onexit_tables 0000000180006890 f   LIBCMT:utility.obj
 0001:0000595c       __scrt_is_nonwritable_in_current_image 000000018000695c f   LIBCMT:utility.obj
 0001:000059f8       __scrt_release_startup_lock 00000001800069f8 f   LIBCMT:utility.obj
 0001:00005a1c       __scrt_uninitialize_crt    0000000180006a1c f   LIBCMT:utility.obj
 0001:00005a48       _onexit                    0000000180006a48 f   LIBCMT:utility.obj
 0001:00005a98       atexit                     0000000180006a98 f   LIBCMT:utility.obj
 0001:00005ab0       ??3@YAXPEAX@Z              0000000180006ab0 f   LIBCMT:delete_scalar.obj
 0001:00005e04       _DllMainCRTStartup         0000000180006e04 f   LIBCMT:dll_dllmain.obj
 0001:00005e44       ??_V@YAXPEAX@Z             0000000180006e44 f   LIBCMT:delete_array.obj
 0001:00005e44       ??3@YAXPEAX_K@Z            0000000180006e44 f   LIBCMT:delete_scalar_size.obj
 0001:00005e4c       __GSHandlerCheck           0000000180006e4c f   LIBCMT:_gshandler_.obj
 0001:00005e6c       __GSHandlerCheckCommon     0000000180006e6c f   LIBCMT:_gshandler_.obj
 0001:00005ec8       __GSHandlerCheck_EH        0000000180006ec8 f   LIBCMT:gshandlereh.obj
 0001:00005f48       _guard_check_icall         0000000180006f48 f i LIBCMT:checkcfg.obj
 0001:00005f50       ??_Gtype_info@@UEAAPEAXI@Z 0000000180006f50 f i LIBCMT:std_type_info_static.obj
 0001:00005f50       ??_Etype_info@@UEAAPEAXI@Z 0000000180006f50 f i LIBCMT:std_type_info_static.obj
 0001:00005f90       _alloca_probe              0000000180006f90 f   LIBCMT:_chkstk_.obj
 0001:00005f90       __chkstk                   0000000180006f90 f   LIBCMT:_chkstk_.obj
 0001:00005fe4       __raise_securityfailure    0000000180006fe4 f   LIBCMT:gs_report.obj
 0001:00006018       __report_gsfailure         0000000180007018 f   LIBCMT:gs_report.obj
 0001:000060ec       __report_rangecheckfailure 00000001800070ec f   LIBCMT:gs_report.obj
 0001:00006100       __report_securityfailure   0000000180007100 f   LIBCMT:gs_report.obj
 0001:00006280       __crt_debugger_hook        0000000180007280 f   LIBCMT:utility_desktop.obj
 0001:00006288       __scrt_fastfail            0000000180007288 f   LIBCMT:utility_desktop.obj
 0001:000063d0       ??0bad_array_new_length@std@@QEAA@AEBV01@@Z 00000001800073d0 f i LIBCMT:throw_bad_alloc.obj
 0001:00006410       ??0bad_array_new_length@std@@QEAA@XZ 0000000180007410 f i LIBCMT:throw_bad_alloc.obj
 0001:00006430       ??1out_of_range@std@@UEAA@XZ 0000000180007430 f i libcpmt:xthrow.obj
 0001:00006430       ??1bad_array_new_length@std@@UEAA@XZ 0000000180007430 f i LIBCMT:throw_bad_alloc.obj
 0001:00006430       ??1bad_cast@std@@UEAA@XZ   0000000180007430 f i libcpmt:cout.obj
 0001:00006430       ??1bad_exception@std@@UEAA@XZ 0000000180007430 f i libvcruntime:frame.obj
 0001:00006430       ??1bad_alloc@std@@UEAA@XZ  0000000180007430 f i libcpmt:xthrow.obj
 0001:00006430       ??1length_error@std@@UEAA@XZ 0000000180007430 f i libcpmt:xthrow.obj
 0001:00006444       ?__scrt_throw_std_bad_array_new_length@@YAXXZ 0000000180007444 f   LIBCMT:throw_bad_alloc.obj
 0001:00006464       __isa_available_init       0000000180007464 f   LIBCMT:_cpu_disp_.obj
 0001:0000662c       ?do_encoding@codecvt_base@std@@MEBAHXZ 000000018000762c f   libcpmt:cout.obj
 0001:0000662c       _get_startup_argv_mode     000000018000762c f   LIBCMT:argv_mode.obj
 0001:0000662c       ?do_max_length@codecvt_base@std@@MEBAHXZ 000000018000762c f   libcpmt:cout.obj
 0001:0000662c       DllMain                    000000018000762c f   LIBCMT:dll_dllmain_stub.obj
 0001:00006634       __scrt_is_ucrt_dll_in_use  0000000180007634 f   LIBCMT:ucrt_detection.obj
 0001:00006640       __security_init_cookie     0000000180007640 f   LIBCMT:gs_support.obj
 0001:000066ec       ?__scrt_initialize_type_info@@YAXXZ 00000001800076ec f   LIBCMT:tncleanup.obj
 0001:000066fc       ?__scrt_uninitialize_type_info@@YAXXZ 00000001800076fc f   LIBCMT:tncleanup.obj
 0001:00006708       __local_stdio_scanf_options 0000000180007708 f i LIBCMT:default_local_stdio_options.obj
 0001:00006710       __scrt_initialize_default_local_stdio_options 0000000180007710 f   LIBCMT:default_local_stdio_options.obj
 0001:0000672c       __scrt_get_dyn_tls_init_callback 000000018000772c f   LIBCMT:dyn_tls_init.obj
 0001:00006734       _RTC_Initialize            0000000180007734 f   LIBCMT:_initsect_.obj
 0001:00006780       _RTC_Terminate             0000000180007780 f   LIBCMT:_initsect_.obj
 0001:000067e0       memmove                    00000001800077e0 f   libvcruntime:memcpy.obj
 0001:000067e0       memcpy                     00000001800077e0 f   libvcruntime:memcpy.obj
 0001:00006c18       _purecall                  0000000180007c18 f   libvcruntime:purevirt.obj
 0001:00006c54       __DestructExceptionObject  0000000180007c54 f   libvcruntime:frame.obj
 0001:00006cdc       ??0bad_exception@std@@QEAA@AEBV01@@Z 0000000180007cdc f i libvcruntime:frame.obj
 0001:00006d1c       ??0bad_exception@std@@QEAA@XZ 0000000180007d1c f i libvcruntime:frame.obj
 0001:00007698       ?_CallMemberFunction0@@YAXPEAXP6AX0@Z@Z 0000000180008698 f i libvcruntime:frame.obj
 0001:0000769c       ?_CallMemberFunction1@@YAXPEAXP6AX0@Z0@Z 000000018000869c f i libvcruntime:frame.obj
 0001:000076a8       ?_CallMemberFunction2@@YAXPEAXP6AX0@Z0H@Z 00000001800086a8 f i libvcruntime:frame.obj
 0001:000076b8       __AdjustPointer            00000001800086b8 f   libvcruntime:frame.obj
 0001:000076dc       __BuildCatchObject         00000001800086dc f   libvcruntime:frame.obj
 0001:000077a0       __BuildCatchObjectHelper   00000001800087a0 f   libvcruntime:frame.obj
 0001:00007980       __CxxCallCatchBlock        0000000180008980 f   libvcruntime:frame.obj
 0001:00007b6c       __FrameUnwindFilter        0000000180008b6c f   libvcruntime:frame.obj
 0001:00007bb8       __FrameUnwindToState       0000000180008bb8 f   libvcruntime:frame.obj
 0001:00007d4c       __InternalCxxFrameHandler  0000000180008d4c f   libvcruntime:frame.obj
 0001:00007fa4       __TypeMatch                0000000180008fa4 f   libvcruntime:frame.obj
 0001:000080e4       __std_terminate            00000001800090e4 f   libvcruntime:frame.obj
 0001:000080f0       __std_exception_copy       00000001800090f0 f   libvcruntime:std_exception.obj
 0001:00008180       __std_exception_destroy    0000000180009180 f   libvcruntime:std_exception.obj
 0001:000081a8       _CxxThrowException         00000001800091a8 f   libvcruntime:throw.obj
 0001:00008280       ?_ExecutionInCatch@@YAHPEAU_xDISPATCHER_CONTEXT@@PEBU_s_FuncInfo@@@Z 0000000180009280 f   libvcruntime:trnsctrl.obj
 0001:000082f4       ?_GetEstablisherFrame@@YAPEA_KPEA_KPEAU_xDISPATCHER_CONTEXT@@PEBU_s_FuncInfo@@0@Z 00000001800092f4 f   libvcruntime:trnsctrl.obj
 0001:000083c0       ?_GetRangeOfTrysToCheck@@YAPEBU_s_TryBlockMapEntry@@PEA_KPEBU_s_FuncInfo@@HHPEAI2PEAU_xDISPATCHER_CONTEXT@@@Z 00000001800093c0 f   libvcruntime:trnsctrl.obj
 0001:000084ec       ?__FrameUnwindToEmptyState@@YAXPEA_KPEAU_xDISPATCHER_CONTEXT@@PEBU_s_FuncInfo@@@Z 00000001800094ec f   libvcruntime:trnsctrl.obj
 0001:00008580       ?__SehTransFilter@@YAHPEAU_EXCEPTION_POINTERS@@PEAUEHExceptionRecord@@PEA_KPEAU_CONTEXT@@PEAU_xDISPATCHER_CONTEXT@@PEBU_s_FuncInfo@@PEAH@Z 0000000180009580 f   libvcruntime:trnsctrl.obj
 0001:00008618       _CallSETranslator          0000000180009618 f   libvcruntime:trnsctrl.obj
 0001:00008670       _CreateFrameInfo           0000000180009670 f   libvcruntime:trnsctrl.obj
 0001:000086ac       _FindAndUnlinkFrame        00000001800096ac f   libvcruntime:trnsctrl.obj
 0001:00008704       _GetImageBase              0000000180009704 f   libvcruntime:trnsctrl.obj
 0001:00008718       _GetThrowImageBase         0000000180009718 f   libvcruntime:trnsctrl.obj
 0001:0000872c       _IsExceptionObjectToBeDestroyed 000000018000972c f   libvcruntime:trnsctrl.obj
 0001:0000875c       _SetImageBase              000000018000975c f   libvcruntime:trnsctrl.obj
 0001:00008774       _SetThrowImageBase         0000000180009774 f   libvcruntime:trnsctrl.obj
 0001:0000878c       _UnwindNestedFrames        000000018000978c f   libvcruntime:trnsctrl.obj
 0001:000088b0       __CxxFrameHandler3         00000001800098b0 f   libvcruntime:trnsctrl.obj
 0001:00008940       memset                     0000000180009940 f   libvcruntime:memset.obj
 0001:00008af0       memcmp                     0000000180009af0 f   libvcruntime:memcmp.obj
 0001:00008d80       __vcrt_FlsAlloc            0000000180009d80 f   libvcruntime:winapi_downlevel.obj
 0001:00008dd4       __vcrt_FlsFree             0000000180009dd4 f   libvcruntime:winapi_downlevel.obj
 0001:00008e28       __vcrt_FlsGetValue         0000000180009e28 f   libvcruntime:winapi_downlevel.obj
 0001:00008e7c       __vcrt_FlsSetValue         0000000180009e7c f   libvcruntime:winapi_downlevel.obj
 0001:00008ee4       __vcrt_InitializeCriticalSectionEx 0000000180009ee4 f   libvcruntime:winapi_downlevel.obj
 0001:00008f5c       __vcrt_initialize_winapi_thunks 0000000180009f5c f   libvcruntime:winapi_downlevel.obj
 0001:00008fa8       __vcrt_uninitialize_winapi_thunks 0000000180009fa8 f   libvcruntime:winapi_downlevel.obj
 0001:00008fe8       __vcrt_initialize          0000000180009fe8 f   libvcruntime:initialization.obj
 0001:0000901c       __vcrt_thread_attach       000000018000a01c f   libvcruntime:initialization.obj
 0001:00009030       __vcrt_thread_detach       000000018000a030 f   libvcruntime:initialization.obj
 0001:00009044       __vcrt_uninitialize        000000018000a044 f   libvcruntime:initialization.obj
 0001:00009064       __vcrt_uninitialize_critical 000000018000a064 f   libvcruntime:initialization.obj
 0001:00009074       __C_specific_handler       000000018000a074 f   libvcruntime:_chandler_.obj
 0001:00009270       __std_type_info_compare    000000018000a270 f   libvcruntime:std_type_info.obj
 0001:00009298       __std_type_info_destroy_list 000000018000a298 f   libvcruntime:std_type_info.obj
 0001:000092c4       __vcrt_initialize_pure_virtual_call_handler 000000018000a2c4 f   libvcruntime:purevirt_data.obj
 0001:000092e8       __vcrt_freefls             000000018000a2e8 f   libvcruntime:per_thread_data.obj
 0001:00009308       __vcrt_freeptd             000000018000a308 f   libvcruntime:per_thread_data.obj
 0001:00009358       __vcrt_getptd              000000018000a358 f   libvcruntime:per_thread_data.obj
 0001:00009374       __vcrt_getptd_noexit       000000018000a374 f   libvcruntime:per_thread_data.obj
 0001:0000942c       __vcrt_initialize_ptd      000000018000a42c f   libvcruntime:per_thread_data.obj
 0001:0000946c       __vcrt_uninitialize_ptd    000000018000a46c f   libvcruntime:per_thread_data.obj
 0001:00009490       ?__GetCurrentState@@YAHPEA_KPEAU_xDISPATCHER_CONTEXT@@PEBU_s_FuncInfo@@@Z 000000018000a490 f   libvcruntime:ehstate.obj
 0001:000094b8       ?__GetUnwindTryBlock@@YAHPEA_KPEAU_xDISPATCHER_CONTEXT@@PEBU_s_FuncInfo@@@Z 000000018000a4b8 f   libvcruntime:ehstate.obj
 0001:000094e4       ?__SetState@@YAXPEA_KPEAU_xDISPATCHER_CONTEXT@@PEBU_s_FuncInfo@@H@Z 000000018000a4e4 f   libvcruntime:ehstate.obj
 0001:000094f0       ?__SetUnwindTryBlock@@YAXPEA_KPEAU_xDISPATCHER_CONTEXT@@PEBU_s_FuncInfo@@H@Z 000000018000a4f0 f   libvcruntime:ehstate.obj
 0001:0000952c       ?__StateFromControlPc@@YAHPEBU_s_FuncInfo@@PEAU_xDISPATCHER_CONTEXT@@@Z 000000018000a52c f   libvcruntime:ehstate.obj
 0001:00009534       ?__StateFromIp@@YAHPEBU_s_FuncInfo@@PEAU_xDISPATCHER_CONTEXT@@_J@Z 000000018000a534 f   libvcruntime:ehstate.obj
 0001:000095b0       _CallSettingFrame          000000018000a5b0 f   libvcruntime:handlers.obj
 0001:00009600       _local_unwind              000000018000a600 f   libvcruntime:_jmpuwind_.obj
 0001:00009630       _NLG_Notify                000000018000a630 f   libvcruntime:_jmpuwind_.obj
 0001:00009650       __NLG_Dispatch2            000000018000a650 f   libvcruntime:_jmpuwind_.obj
 0001:00009660       __NLG_Return2              000000018000a660 f   libvcruntime:_jmpuwind_.obj
 0001:00009664       __vcrt_initialize_locks    000000018000a664 f   libvcruntime:locks.obj
 0001:000096ac       __vcrt_uninitialize_locks  000000018000a6ac f   libvcruntime:locks.obj
 0001:000096e4       __acrt_initialize_stdio    000000018000a6e4 f   libucrt:_file.obj
 0001:00009804       __acrt_iob_func            000000018000a804 f   libucrt:_file.obj
 0001:00009818       __acrt_uninitialize_stdio  000000018000a818 f   libucrt:_file.obj
 0001:00009874       _get_stream_buffer_pointers 000000018000a874 f   libucrt:_file.obj
 0001:000098bc       _lock_file                 000000018000a8bc f   libucrt:_file.obj
 0001:000098c8       _unlock_file               000000018000a8c8 f   libucrt:_file.obj
 0001:000098d4       __acrt_call_reportfault    000000018000a8d4 f   libucrt:invalid_parameter.obj
 0001:00009a30       __acrt_initialize_invalid_parameter_handler 000000018000aa30 f   libucrt:invalid_parameter.obj
 0001:00009a38       _invalid_parameter         000000018000aa38 f   libucrt:invalid_parameter.obj
 0001:00009ae0       _invalid_parameter_noinfo  000000018000aae0 f   libucrt:invalid_parameter.obj
 0001:00009b00       _invalid_parameter_noinfo_noreturn 000000018000ab00 f   libucrt:invalid_parameter.obj
 0001:00009b30       _invoke_watson             000000018000ab30 f   libucrt:invalid_parameter.obj
 0001:00009b78       ??$?RV<lambda_aa279a7bcb127014629d5b1d62c7325d>@@AEAV<lambda_0a64b6a4deda75c01876f29c44fc5eb3>@@V<lambda_3323e69fbefe9d1a11713e670d47cdfa>@@@?$__crt_seh_guarded_call@H@@QEAAH$$QEAV<lambda_aa279a7bcb127014629d5b1d62c7325d>@@AEAV<lambda_0a64b6a4deda75c01876f29c44fc5eb3>@@$$QEAV<lambda_3323e69fbefe9d1a11713e670d47cdfa>@@@Z 000000018000ab78 f i libucrt:output.obj
 0001:00009bb8       ??$ensure_buffer_is_big_enough@D@formatting_buffer@__crt_stdio_output@@QEAA_N_K@Z 000000018000abb8 f i libucrt:output.obj
 0001:00009c64       ??$is_wide_character_specifier@D@__crt_stdio_output@@YA_N_KDW4length_modifier@0@@Z 000000018000ac64 f i libucrt:output.obj
 0001:00009c94       ??$type_case_integer_parse_into_buffer@I@?$output_processor@DV?$stream_output_adapter@D@__crt_stdio_output@@V?$standard_base@DV?$stream_output_adapter@D@__crt_stdio_output@@@2@@__crt_stdio_output@@AEAAXII_N@Z 000000018000ac94 f i libucrt:output.obj
 0001:00009d30       ??$type_case_integer_parse_into_buffer@_K@?$output_processor@DV?$stream_output_adapter@D@__crt_stdio_output@@V?$standard_base@DV?$stream_output_adapter@D@__crt_stdio_output@@@2@@__crt_stdio_output@@AEAAX_KI_N@Z 000000018000ad30 f i libucrt:output.obj
 0001:00009dcc       ??$write_multiple_characters@V?$stream_output_adapter@D@__crt_stdio_output@@D@__crt_stdio_output@@YAXAEBV?$stream_output_adapter@D@0@DHQEAH@Z 000000018000adcc f i libucrt:output.obj
 0001:00009e50       ??0?$output_processor@DV?$stream_output_adapter@D@__crt_stdio_output@@V?$standard_base@DV?$stream_output_adapter@D@__crt_stdio_output@@@2@@__crt_stdio_output@@QEAA@AEBV?$stream_output_adapter@D@1@_KQEBDQEAU__crt_locale_pointers@@QEAD@Z 000000018000ae50 f i libucrt:output.obj
 0001:00009ecc       ??0_LocaleUpdate@@QEAA@QEAU__crt_locale_pointers@@@Z 000000018000aecc f i libucrt:output.obj
 0001:0000a04c       ?force_decimal_point@__crt_stdio_output@@YAXPEADQEAU__crt_locale_pointers@@@Z 000000018000b04c f i libucrt:output.obj
 0001:0000a0bc       ?parse_int_from_format_string@?$output_processor@DV?$stream_output_adapter@D@__crt_stdio_output@@V?$standard_base@DV?$stream_output_adapter@D@__crt_stdio_output@@@2@@__crt_stdio_output@@AEAA_NQEAH@Z 000000018000b0bc f i libucrt:output.obj
 0001:0000a140       ?process@?$output_processor@DV?$stream_output_adapter@D@__crt_stdio_output@@V?$standard_base@DV?$stream_output_adapter@D@__crt_stdio_output@@@2@@__crt_stdio_output@@QEAAHXZ 000000018000b140 f i libucrt:output.obj
 0001:0000a350       ?state_case_normal@?$output_processor@DV?$stream_output_adapter@D@__crt_stdio_output@@V?$standard_base@DV?$stream_output_adapter@D@__crt_stdio_output@@@2@@__crt_stdio_output@@AEAA_NXZ 000000018000b350 f i libucrt:output.obj
 0001:0000a3c0       ?state_case_normal_tchar@?$output_processor@DV?$stream_output_adapter@D@__crt_stdio_output@@V?$standard_base@DV?$stream_output_adapter@D@__crt_stdio_output@@@2@@__crt_stdio_output@@AEAA_ND@Z 000000018000b3c0 f i libucrt:output.obj
 0001:0000a454       ?state_case_size@?$output_processor@DV?$stream_output_adapter@D@__crt_stdio_output@@V?$standard_base@DV?$stream_output_adapter@D@__crt_stdio_output@@@2@@__crt_stdio_output@@AEAA_NXZ 000000018000b454 f i libucrt:output.obj
 0001:0000a5d0       ?state_case_type@?$output_processor@DV?$stream_output_adapter@D@__crt_stdio_output@@V?$standard_base@DV?$stream_output_adapter@D@__crt_stdio_output@@@2@@__crt_stdio_output@@AEAA_NXZ 000000018000b5d0 f i libucrt:output.obj
 0001:0000a84c       ?type_case_Z@?$output_processor@DV?$stream_output_adapter@D@__crt_stdio_output@@V?$standard_base@DV?$stream_output_adapter@D@__crt_stdio_output@@@2@@__crt_stdio_output@@AEAA_NXZ 000000018000b84c f i libucrt:output.obj
 0001:0000a8cc       ?type_case_a@?$output_processor@DV?$stream_output_adapter@D@__crt_stdio_output@@V?$standard_base@DV?$stream_output_adapter@D@__crt_stdio_output@@@2@@__crt_stdio_output@@AEAA_NXZ 000000018000b8cc f i libucrt:output.obj
 0001:0000aae8       ?type_case_c_tchar@?$output_processor@DV?$stream_output_adapter@D@__crt_stdio_output@@V?$standard_base@DV?$stream_output_adapter@D@__crt_stdio_output@@@2@@__crt_stdio_output@@AEAA_ND@Z 000000018000bae8 f i libucrt:output.obj
 0001:0000ab9c       ?type_case_integer@?$output_processor@DV?$stream_output_adapter@D@__crt_stdio_output@@V?$standard_base@DV?$stream_output_adapter@D@__crt_stdio_output@@@2@@__crt_stdio_output@@AEAA_NI_N@Z 000000018000bb9c f i libucrt:output.obj
 0001:0000ad3c       ?type_case_n@?$output_processor@DV?$stream_output_adapter@D@__crt_stdio_output@@V?$standard_base@DV?$stream_output_adapter@D@__crt_stdio_output@@@2@@__crt_stdio_output@@AEAA_NXZ 000000018000bd3c f i libucrt:output.obj
 0001:0000ae18       ?type_case_s@?$output_processor@DV?$stream_output_adapter@D@__crt_stdio_output@@V?$standard_base@DV?$stream_output_adapter@D@__crt_stdio_output@@@2@@__crt_stdio_output@@AEAA_NXZ 000000018000be18 f i libucrt:output.obj
 0001:0000aea8       ?validate_stream_is_ansi_if_required@?$__acrt_stdio_char_traits@D@@SA_NQEAU_iobuf@@@Z 000000018000bea8 f i libucrt:output.obj
 0001:0000af34       ?write_stored_string_tchar@?$output_processor@DV?$stream_output_adapter@D@__crt_stdio_output@@V?$standard_base@DV?$stream_output_adapter@D@__crt_stdio_output@@@2@@__crt_stdio_output@@AEAA_ND@Z 000000018000bf34 f i libucrt:output.obj
 0001:0000b00c       ?write_string@?$stream_output_adapter@D@__crt_stdio_output@@QEBAXQEBDHQEAH1@Z 000000018000c00c f i libucrt:output.obj
 0001:0000b104       __stdio_common_vfprintf    000000018000c104 f   libucrt:output.obj
 0001:0000b190       free                       000000018000c190 f   libucrt:free.obj
 0001:0000b198       malloc                     000000018000c198 f   libucrt:malloc.obj
 0001:0000b1a0       __ascii_stricmp            000000018000c1a0 f   libucrt:stricmp.obj
 0001:0000b1dc       _stricmp                   000000018000c1dc f   libucrt:stricmp.obj
 0001:0000b224       _stricmp_l                 000000018000c224 f   libucrt:stricmp.obj
 0001:0000b2d8       __acrt_errno_from_os_error 000000018000c2d8 f   libucrt:errno.obj
 0001:0000b320       __acrt_errno_map_os_error  000000018000c320 f   libucrt:errno.obj
 0001:0000b370       __doserrno                 000000018000c370 f   libucrt:errno.obj
 0001:0000b390       _errno                     000000018000c390 f   libucrt:errno.obj
 0001:0000b3b0       _fclose_nolock             000000018000c3b0 f   libucrt:fclose.obj
 0001:0000b434       fclose                     000000018000c434 f   libucrt:fclose.obj
 0001:0000b4a0       __acrt_stdio_flush_nolock  000000018000c4a0 f   libucrt:fflush.obj
 0001:0000b518       _fflush_nolock             000000018000c518 f   libucrt:fflush.obj
 0001:0000b564       _flushall                  000000018000c564 f   libucrt:fflush.obj
 0001:0000b654       fflush                     000000018000c654 f   libucrt:fflush.obj
 0001:0000b698       _fgetc_nolock              000000018000c698 f   libucrt:fgetc.obj
 0001:0000b6dc       fgetc                      000000018000c6dc f   libucrt:fgetc.obj
 0001:0000b7e0       fgetpos                    000000018000c7e0 f   libucrt:fgetpos.obj
 0001:0000b82c       _fputc_nolock              000000018000c82c f   libucrt:fputc.obj
 0001:0000b844       fputc                      000000018000c844 f   libucrt:fputc.obj
 0001:0000b964       fsetpos                    000000018000c964 f   libucrt:fsetpos.obj
 0001:0000bc10       _fseeki64                  000000018000cc10 f   libucrt:fseek.obj
 0001:0000bc18       ??$?RV<lambda_5d4c3fee44080f75d5d9762853974fe0>@@AEAV<lambda_532e024f4337e6fc7ad266c2bef9f4ed>@@V<lambda_c87bdc10097eb2402edb8ba9bdf0697b>@@@?$__crt_seh_guarded_call@_K@@QEAA_K$$QEAV<lambda_5d4c3fee44080f75d5d9762853974fe0>@@AEAV<lambda_532e024f4337e6fc7ad266c2bef9f4ed>@@$$QEAV<lambda_c87bdc10097eb2402edb8ba9bdf0697b>@@@Z 000000018000cc18 f i libucrt:fwrite.obj
 0001:0000bcbc       _fwrite_nolock             000000018000ccbc f   libucrt:fwrite.obj
 0001:0000be58       fwrite                     000000018000ce58 f   libucrt:fwrite.obj
 0001:0000bedc       ??$?RV<lambda_7a5ef57ff966f610505f1d28a3d40618>@@AEAV<lambda_b721fa326cdb32351d23dfa67958c160>@@V<lambda_5e0fb27672408a07956fe59e48ccb2aa>@@@?$__crt_seh_guarded_call@H@@QEAAH$$QEAV<lambda_7a5ef57ff966f610505f1d28a3d40618>@@AEAV<lambda_b721fa326cdb32351d23dfa67958c160>@@$$QEAV<lambda_5e0fb27672408a07956fe59e48ccb2aa>@@@Z 000000018000cedc f i libucrt:setvbuf.obj
 0001:0000c00c       setvbuf                    000000018000d00c f   libucrt:setvbuf.obj
 0001:0000c0ac       _ungetc_nolock             000000018000d0ac f   libucrt:ungetc.obj
 0001:0000c1bc       ungetc                     000000018000d1bc f   libucrt:ungetc.obj
 0001:0000c21c       __acrt_initialize_locks    000000018000d21c f   libucrt:locks.obj
 0001:0000c264       __acrt_lock                000000018000d264 f   libucrt:locks.obj
 0001:0000c280       __acrt_uninitialize_locks  000000018000d280 f   libucrt:locks.obj
 0001:0000c2b8       __acrt_unlock              000000018000d2b8 f   libucrt:locks.obj
 0001:0000c2d4       _lock_locales              000000018000d2d4 f   libucrt:locks.obj
 0001:0000c2e4       _unlock_locales            000000018000d2e4 f   libucrt:locks.obj
 0001:0000c2f4       _calloc_base               000000018000d2f4 f   libucrt:calloc_base.obj
 0001:0000c36c       __pctype_func              000000018000d36c f   libucrt:ctype.obj
 0001:0000c39c       isdigit                    000000018000d39c f i libucrt:_ctype.obj
 0001:0000c410       islower                    000000018000d410 f i libucrt:_ctype.obj
 0001:0000c484       isupper                    000000018000d484 f i libucrt:_ctype.obj
 0001:0000c4f8       _wcsdup                    000000018000d4f8 f   libucrt:wcsdup.obj
 0001:0000c57c       ___lc_codepage_func        000000018000d57c f   libucrt:initctype.obj
 0001:0000c5ac       ___lc_locale_name_func     000000018000d5ac f   libucrt:initctype.obj
 0001:0000c5e0       __acrt_locale_initialize_ctype 000000018000d5e0 f   libucrt:initctype.obj
 0001:0000cc9c       setlocale                  000000018000dc9c f   libucrt:setlocale.obj
 0001:0000ce68       abort                      000000018000de68 f   libucrt:abort.obj
 0001:0000cec0       __strncnt                  000000018000dec0 f   libucrt:strncnt.obj
 0001:0000ced8       _free_base                 000000018000ded8 f   libucrt:free_base.obj
 0001:0000cf18       _malloc_base               000000018000df18 f   libucrt:malloc_base.obj
 0001:0000cf78       _realloc_base              000000018000df78 f   libucrt:realloc_base.obj
 0001:0000cffc       ??$make_c_string_character_source@_W$$T@__crt_strtox@@YA?AV?$c_string_character_source@_W@0@QEB_W$$T@Z 000000018000dffc f i libucrt:atox.obj
 0001:0000cffc       ??$make_c_string_character_source@DPEAPEAD@__crt_strtox@@YA?AV?$c_string_character_source@D@0@QEBDQEAPEAD@Z 000000018000dffc f i libucrt:strtod.obj
 0001:0000d010       ?divide@__crt_strtox@@YA_KAEAUbig_integer@1@AEBU21@@Z 000000018000e010 f i libucrt:strtod.obj
 0001:0000d570       pow                        000000018000e570 f   libucrt:pow.obj
 0001:0000ec10       powf                       000000018000fc10 f   libucrt:powf.obj
 0001:0000fad8       wcscpy_s                   0000000180010ad8 f   libucrt:wcscpy_s.obj
 0001:0000fb40       strnlen                    0000000180010b40 f   libucrt:strnlen.obj
 0001:0000fc9c       wcsnlen                    0000000180010c9c f   libucrt:strnlen.obj
 0001:0000ff04       _ismbblead                 0000000180010f04 f   libucrt:ismbbyte.obj
 0001:0000ff68       _tolower_l                 0000000180010f68 f   libucrt:tolower_toupper.obj
 0001:000100a8       tolower                    00000001800110a8 f   libucrt:tolower_toupper.obj
 0001:000100d4       __acrt_initialize_new_handler 00000001800110d4 f   libucrt:new_handler.obj
 0001:000100dc       _callnewh                  00000001800110dc f   libucrt:new_handler.obj
 0001:0001011c       _query_new_handler         000000018001111c f   libucrt:new_handler.obj
 0001:00010150       _seh_filter_dll            0000000180011150 f   libucrt:exception_filter.obj
 0001:00010164       _seh_filter_exe            0000000180011164 f   libucrt:exception_filter.obj
 0001:00010524       __acrt_initialize_thread_local_exit_callback 0000000180011524 f   libucrt:exit.obj
 0001:0001052c       _cexit                     000000018001152c f   libucrt:exit.obj
 0001:0001053c       _exit                      000000018001153c f   libucrt:exit.obj
 0001:00010548       _is_c_termination_complete 0000000180011548 f   libucrt:exit.obj
 0001:0001070c       __acrt_allocate_buffer_for_argv 000000018001170c f   libucrt:argv_parsing.obj
 0001:00010770       _configure_narrow_argv     0000000180011770 f   libucrt:argv_parsing.obj
 0001:00010acc       __dcrt_uninitialize_environments_nolock 0000000180011acc f   libucrt:environment_initialization.obj
 0001:00010b04       _initialize_narrow_environment 0000000180011b04 f   libucrt:environment_initialization.obj
 0001:00010b0c       ??$?RV<lambda_b8c45f8f788dd370798f47cfe8ac3a86>@@AEAV<lambda_4e60a939b0d047cfe11ddc22648dfba9>@@V<lambda_332c3edc96d0294ec56c57d38c1cdfd5>@@@?$__crt_seh_guarded_call@H@@QEAAH$$QEAV<lambda_b8c45f8f788dd370798f47cfe8ac3a86>@@AEAV<lambda_4e60a939b0d047cfe11ddc22648dfba9>@@$$QEAV<lambda_332c3edc96d0294ec56c57d38c1cdfd5>@@@Z 0000000180011b0c f i libucrt:onexit.obj
 0001:00010b48       ??$?RV<lambda_e24bbb7b643b32fcea6fa61b31d4c984>@@AEAV<lambda_275893d493268fdec8709772e3fcec0e>@@V<lambda_9d71df4d7cf3f480f8d633942495c3b0>@@@?$__crt_seh_guarded_call@H@@QEAAH$$QEAV<lambda_e24bbb7b643b32fcea6fa61b31d4c984>@@AEAV<lambda_275893d493268fdec8709772e3fcec0e>@@$$QEAV<lambda_9d71df4d7cf3f480f8d633942495c3b0>@@@Z 0000000180011b48 f i libucrt:onexit.obj
 0001:00010ec4       _crt_atexit                0000000180011ec4 f   libucrt:onexit.obj
 0001:00010ed4       _execute_onexit_table      0000000180011ed4 f   libucrt:onexit.obj
 0001:00010f10       _initialize_onexit_table   0000000180011f10 f   libucrt:onexit.obj
 0001:00010f50       _register_onexit_function  0000000180011f50 f   libucrt:onexit.obj
 0001:00010fd0       ?do_always_noconv@?$codecvt@DDU_Mbstatet@@@std@@MEBA_NXZ 0000000180011fd0 f   libcpmt:cout.obj
 0001:00010fd0       __acrt_uninitialize_command_line 0000000180011fd0 f   libucrt:argv_data.obj
 0001:000110d0       __acrt_initialize          00000001800120d0 f   libucrt:initialization.obj
 0001:000110e4       __acrt_thread_attach       00000001800120e4 f   libucrt:initialization.obj
 0001:000110f8       __acrt_thread_detach       00000001800120f8 f   libucrt:initialization.obj
 0001:00011108       __acrt_uninitialize        0000000180012108 f   libucrt:initialization.obj
 0001:0001111c       __acrt_uninitialize_critical 000000018001211c f   libucrt:initialization.obj
 0001:0001112c       _initterm                  000000018001212c f   libucrt:initterm.obj
 0001:000111a4       _initterm_e                00000001800121a4 f   libucrt:initterm.obj
 0001:000111f0       terminate                  00000001800121f0 f   libucrt:terminate.obj
 0001:00011218       strcpy_s                   0000000180012218 f   libucrt:strcpy_s.obj
 0001:00011278       ??$is_overflow_condition@K@__crt_strtox@@YA_NIK@Z 0000000180012278 f i libucrt:atox.obj
 0001:000112a4       ??$parse_integer@KV?$c_string_character_source@D@__crt_strtox@@@__crt_strtox@@YAKQEAU__crt_locale_pointers@@V?$c_string_character_source@D@0@H_N@Z 00000001800122a4 f i libucrt:atox.obj
 0001:000115b8       ??$parse_integer@KV?$c_string_character_source@_W@__crt_strtox@@@__crt_strtox@@YAKQEAU__crt_locale_pointers@@V?$c_string_character_source@_W@0@H_N@Z 00000001800125b8 f i libucrt:atox.obj
 0001:00011c8c       _wtol                      0000000180012c8c f   libucrt:atox.obj
 0001:00011cfc       ??$?RV<lambda_630b2aca97f6d20d5b5ea6529ea6b6af>@@AEAV<lambda_af91936f1d075d609f72d9d8cba980af>@@V<lambda_e82fa975f615b5c7c7b0e4d178fdae67>@@@?$__crt_seh_guarded_call@H@@QEAAH$$QEAV<lambda_630b2aca97f6d20d5b5ea6529ea6b6af>@@AEAV<lambda_af91936f1d075d609f72d9d8cba980af>@@$$QEAV<lambda_e82fa975f615b5c7c7b0e4d178fdae67>@@@Z 0000000180012cfc f i libucrt:winapi_thunks.obj
 0001:00011f34       __acrt_EnumSystemLocalesEx 0000000180012f34 f   libucrt:winapi_thunks.obj
 0001:00011fdc       __acrt_FlsAlloc            0000000180012fdc f   libucrt:winapi_thunks.obj
 0001:00012034       __acrt_FlsFree             0000000180013034 f   libucrt:winapi_thunks.obj
 0001:0001208c       __acrt_FlsGetValue         000000018001308c f   libucrt:winapi_thunks.obj
 0001:000120e4       __acrt_FlsSetValue         00000001800130e4 f   libucrt:winapi_thunks.obj
 0001:0001214c       __acrt_GetLocaleInfoEx     000000018001314c f   libucrt:winapi_thunks.obj
 0001:000121e4       __acrt_GetUserDefaultLocaleName 00000001800131e4 f   libucrt:winapi_thunks.obj
 0001:00012258       __acrt_InitializeCriticalSectionEx 0000000180013258 f   libucrt:winapi_thunks.obj
 0001:000122d0       __acrt_IsValidLocaleName   00000001800132d0 f   libucrt:winapi_thunks.obj
 0001:00012338       __acrt_LCIDToLocaleName    0000000180013338 f   libucrt:winapi_thunks.obj
 0001:000123c4       __acrt_LCMapStringEx       00000001800133c4 f   libucrt:winapi_thunks.obj
 0001:000124b4       __acrt_LocaleNameToLCID    00000001800134b4 f   libucrt:winapi_thunks.obj
 0001:0001251c       __acrt_can_use_vista_locale_apis 000000018001351c f   libucrt:winapi_thunks.obj
 0001:0001254c       __acrt_initialize_winapi_thunks 000000018001354c f   libucrt:winapi_thunks.obj
 0001:00012584       __acrt_is_packaged_app     0000000180013584 f   libucrt:winapi_thunks.obj
 0001:0001260c       __acrt_uninitialize_winapi_thunks 000000018001360c f   libucrt:winapi_thunks.obj
 0001:00012650       _fcloseall                 0000000180013650 f   libucrt:closeall.obj
 0001:00012704       __acrt_stdio_free_buffer_nolock 0000000180013704 f   libucrt:_freebuf.obj
 0001:0001292c       __acrt_initialize_lowio    000000018001392c f   libucrt:ioinit.obj
 0001:00012968       __acrt_uninitialize_lowio  0000000180013968 f   libucrt:ioinit.obj
 0001:000129a8       ??$?RV<lambda_46352004c1216016012b18bd6f87e700>@@AEAV<lambda_3bd07e1a1191394380780325891bf33f>@@V<lambda_334532d3f185bcaa59b5be82d7d22bff>@@@?$__crt_seh_guarded_call@X@@QEAAX$$QEAV<lambda_46352004c1216016012b18bd6f87e700>@@AEAV<lambda_3bd07e1a1191394380780325891bf33f>@@$$QEAV<lambda_334532d3f185bcaa59b5be82d7d22bff>@@@Z 00000001800139a8 f i libucrt:per_thread_data.obj
 0001:00012a08       ??$?RV<lambda_5e887d1dcbef67a5eb4283622ba103bf>@@AEAV<lambda_4466841279450cc726390878d4a41900>@@V<lambda_341c25c0346d94847f1f3c463c57e077>@@@?$__crt_seh_guarded_call@X@@QEAAX$$QEAV<lambda_5e887d1dcbef67a5eb4283622ba103bf>@@AEAV<lambda_4466841279450cc726390878d4a41900>@@$$QEAV<lambda_341c25c0346d94847f1f3c463c57e077>@@@Z 0000000180013a08 f i libucrt:per_thread_data.obj
 0001:00012a50       ??$?RV<lambda_72d1df2b273a38828b1ce30cbf4cdab5>@@AEAV<lambda_876a65b173b8412d3a47c70a915b0cf4>@@V<lambda_41932305e351933ebe8f8be3ed8bb5dc>@@@?$__crt_seh_guarded_call@X@@QEAAX$$QEAV<lambda_72d1df2b273a38828b1ce30cbf4cdab5>@@AEAV<lambda_876a65b173b8412d3a47c70a915b0cf4>@@$$QEAV<lambda_41932305e351933ebe8f8be3ed8bb5dc>@@@Z 0000000180013a50 f i libucrt:per_thread_data.obj
 0001:00012a90       ??$?RV<lambda_fb3a7dec4e47f37f22dae91bb15c9095>@@AEAV<lambda_698284760c8add0bfb0756c19673e34b>@@V<lambda_dfb8eca1e75fef3034a8fb18dd509707>@@@?$__crt_seh_guarded_call@X@@QEAAX$$QEAV<lambda_fb3a7dec4e47f37f22dae91bb15c9095>@@AEAV<lambda_698284760c8add0bfb0756c19673e34b>@@$$QEAV<lambda_dfb8eca1e75fef3034a8fb18dd509707>@@@Z 0000000180013a90 f i libucrt:per_thread_data.obj
 0001:00012d20       __acrt_freeptd             0000000180013d20 f   libucrt:per_thread_data.obj
 0001:00012d64       __acrt_getptd              0000000180013d64 f   libucrt:per_thread_data.obj
 0001:00012df8       __acrt_getptd_noexit       0000000180013df8 f   libucrt:per_thread_data.obj
 0001:00012e98       __acrt_initialize_ptd      0000000180013e98 f   libucrt:per_thread_data.obj
 0001:00012ed4       __acrt_uninitialize_ptd    0000000180013ed4 f   libucrt:per_thread_data.obj
 0001:00012ef8       strtol                     0000000180013ef8 f   libucrt:strtox.obj
 0001:00012f28       _mbtowc_l                  0000000180013f28 f   libucrt:mbtowc.obj
 0001:00013070       mbtowc                     0000000180014070 f   libucrt:mbtowc.obj
 0001:00013078       _wctomb_s_l                0000000180014078 f   libucrt:wctomb.obj
 0001:000131fc       wctomb_s                   00000001800141fc f   libucrt:wctomb.obj
 0001:00013210       __acrt_update_locale_info  0000000180014210 f   libucrt:locale_update.obj
 0001:00013244       __acrt_update_multibyte_info 0000000180014244 f   libucrt:locale_update.obj
 0001:00013278       ?__acrt_fp_classify@@YA?AW4__acrt_fp_class@@AEBN@Z 0000000180014278 f i libucrt:cvt.obj
 0001:00013cb0       __acrt_fp_format           0000000180014cb0 f   libucrt:cvt.obj
 0001:00013ef4       _fileno                    0000000180014ef4 f   libucrt:fileno.obj
 0001:00013f1c       _get_printf_count_output   0000000180014f1c f   libucrt:printf_count_output.obj
 0001:00013f34       __acrt_stdio_begin_temporary_buffering_nolock 0000000180014f34 f   libucrt:_sftbuf.obj
 0001:00014004       __acrt_stdio_end_temporary_buffering_nolock 0000000180015004 f   libucrt:_sftbuf.obj
 0001:00014040       ?showmanyc@?$basic_streambuf@DU?$char_traits@D@std@@@std@@MEAA_JXZ 0000000180015040 f   libcpmt:cout.obj
 0001:00014040       ?sync@?$basic_streambuf@DU?$char_traits@D@std@@@std@@MEAAHXZ 0000000180015040 f   libcpmt:cout.obj
 0001:00014044       ??$?RV<lambda_5df02c53a8f32f81fd64e5bbb78039f1>@@AEAV<lambda_2af78c5f5901b1372d98f9ab3177dfa6>@@AEAV<lambda_f51fe5fd7c79a33db34fc9310f277369>@@@?$__crt_seh_guarded_call@X@@QEAAX$$QEAV<lambda_5df02c53a8f32f81fd64e5bbb78039f1>@@AEAV<lambda_2af78c5f5901b1372d98f9ab3177dfa6>@@AEAV<lambda_f51fe5fd7c79a33db34fc9310f277369>@@@Z 0000000180015044 f i libucrt:wsetlocale.obj
 0001:00014070       ??$?RV<lambda_d67e8342c384adda8f857579ab50b2ae>@@AEAV<lambda_30712929f77e709619002f448b6a9510>@@V<lambda_4525336fd7e478d965fb7ca7a337cad8>@@@?$__crt_seh_guarded_call@X@@QEAAX$$QEAV<lambda_d67e8342c384adda8f857579ab50b2ae>@@AEAV<lambda_30712929f77e709619002f448b6a9510>@@$$QEAV<lambda_4525336fd7e478d965fb7ca7a337cad8>@@@Z 0000000180015070 f i libucrt:wsetlocale.obj
 0001:0001423c       __acrt_copy_locale_name    000000018001523c f   libucrt:wsetlocale.obj
 0001:000142c0       __acrt_set_locale_changed  00000001800152c0 f   libucrt:wsetlocale.obj
 0001:000142cc       __acrt_uninitialize_locale 00000001800152cc f   libucrt:wsetlocale.obj
 0001:00014314       __lc_lctowcs               0000000180015314 f   libucrt:wsetlocale.obj
 0001:000143b8       __lc_wcstolc               00000001800153b8 f   libucrt:wsetlocale.obj
 0001:00014630       _expandlocale              0000000180015630 f   libucrt:wsetlocale.obj
 0001:00014a2c       _wcscats                   0000000180015a2c f   libucrt:wsetlocale.obj
 0001:00014a94       _wsetlocale                0000000180015a94 f   libucrt:wsetlocale.obj
 0001:000152e0       ??$?RV<lambda_bfedae4ebbf01fab1bb6dcc6a9e276e0>@@AEAV<lambda_2fe9b910cf3cbf4a0ab98a02ba45b3ec>@@V<lambda_237c231691f317818eb88cc1d5d642d6>@@@?$__crt_seh_guarded_call@H@@QEAAH$$QEAV<lambda_bfedae4ebbf01fab1bb6dcc6a9e276e0>@@AEAV<lambda_2fe9b910cf3cbf4a0ab98a02ba45b3ec>@@$$QEAV<lambda_237c231691f317818eb88cc1d5d642d6>@@@Z 00000001800162e0 f i libucrt:close.obj
 0001:00015354       _close                     0000000180016354 f   libucrt:close.obj
 0001:000153f8       _close_nolock              00000001800163f8 f   libucrt:close.obj
 0001:000154b4       ?__acrt_stdio_free_stream@@YAXV__crt_stdio_stream@@@Z 00000001800164b4 f   libucrt:stream.obj
 0001:000154f8       ??$?RV<lambda_b521505b218e5242e90febf6bfebc422>@@AEAV<lambda_6978c1fb23f02e42e1d9e99668cc68aa>@@V<lambda_314360699dd331753a4119843814e9a7>@@@?$__crt_seh_guarded_call@H@@QEAAH$$QEAV<lambda_b521505b218e5242e90febf6bfebc422>@@AEAV<lambda_6978c1fb23f02e42e1d9e99668cc68aa>@@$$QEAV<lambda_314360699dd331753a4119843814e9a7>@@@Z 00000001800164f8 f i libucrt:commit.obj
 0001:00015584       _commit                    0000000180016584 f   libucrt:commit.obj
 0001:00015bb8       _write                     0000000180016bb8 f   libucrt:write.obj
 0001:00015ca4       _write_nolock              0000000180016ca4 f   libucrt:write.obj
 0001:00016130       __acrt_stdio_refill_and_read_narrow_nolock 0000000180017130 f   libucrt:_filbuf.obj
 0001:000165f4       _ftelli64                  00000001800175f4 f   libucrt:ftell.obj
 0001:000165fc       _ftelli64_nolock           00000001800175fc f   libucrt:ftell.obj
 0001:00016708       __acrt_stdio_flush_and_write_narrow_nolock 0000000180017708 f   libucrt:_flsbuf.obj
 0001:0001697c       _lseeki64                  000000018001797c f   libucrt:lseek.obj
 0001:00016984       _lseeki64_nolock           0000000180017984 f   libucrt:lseek.obj
 0001:0001698c       __acrt_stdio_allocate_buffer_nolock 000000018001798c f   libucrt:_getbuf.obj
 0001:000169f0       _query_new_mode            00000001800179f0 f   libucrt:new_mode.obj
 0001:000169f8       __acrt_initialize_heap     00000001800179f8 f   libucrt:heap_handle.obj
 0001:00016a14       __acrt_uninitialize_heap   0000000180017a14 f   libucrt:heap_handle.obj
 0001:00016a20       _isctype_l                 0000000180017a20 f   libucrt:isctype.obj
 0001:00016cd0       __acrt_GetLocaleInfoA      0000000180017cd0 f   libucrt:getlocaleinfoa.obj
 0001:00016e98       __acrt_GetStringTypeA      0000000180017e98 f   libucrt:getstringtypea.obj
 0001:000173a8       __acrt_LCMapStringA        00000001800183a8 f   libucrt:lcmapstringa.obj
 0001:0001761c       _mbstowcs_s_l              000000018001861c f   libucrt:mbstowcs.obj
 0001:0001774c       mbstowcs_s                 000000018001874c f   libucrt:mbstowcs.obj
 0001:00017aa0       _wcstombs_s_l              0000000180018aa0 f   libucrt:wcstombs.obj
 0001:00017b8c       ??$?RV<lambda_c36588078e9f5dfd39652860aa6b3aaf>@@AEAV<lambda_ec61778202f4f5fc7e7711acc23c3bca>@@V<lambda_dc9d2797ccde5d239b4a0efae8ebd7db>@@@?$__crt_seh_guarded_call@P6AXH@Z@@QEAAP6AXH@Z$$QEAV<lambda_c36588078e9f5dfd39652860aa6b3aaf>@@AEAV<lambda_ec61778202f4f5fc7e7711acc23c3bca>@@$$QEAV<lambda_dc9d2797ccde5d239b4a0efae8ebd7db>@@@Z 0000000180018b8c f i libucrt:signal.obj
 0001:00017bd4       __acrt_get_sigabrt_handler 0000000180018bd4 f   libucrt:signal.obj
 0001:00017c04       __acrt_initialize_signal_handlers 0000000180018c04 f   libucrt:signal.obj
 0001:00017c24       raise                      0000000180018c24 f   libucrt:signal.obj
 0001:00017ec0       iswctype                   0000000180018ec0 f   libucrt:iswctype.obj
 0001:00017f30       _raise_exc                 0000000180018f30 f   libucrt:fpexcept.obj
 0001:00017f58       _raise_exc_ex              0000000180018f58 f   libucrt:fpexcept.obj
 0001:00018260       _raise_excf                0000000180019260 f   libucrt:fpexcept.obj
 0001:0001828c       _set_errno_from_matherr    000000018001928c f   libucrt:fpexcept.obj
 0001:000182bc       _clrfp                     00000001800192bc f   libucrt:fpctrl.obj
 0001:000182dc       _ctrlfp                    00000001800192dc f   libucrt:fpctrl.obj
 0001:00018358       _set_statfp                0000000180019358 f   libucrt:fpctrl.obj
 0001:00018378       _statfp                    0000000180019378 f   libucrt:fpctrl.obj
 0001:00018390       __acrt_initialize_fma3     0000000180019390 f   libucrt:fma3_available.obj
 0001:00018400       _pow_special               0000000180019400 f   libucrt:pow_special.obj
 0001:00018524       _powf_special              0000000180019524 f   libucrt:pow_special.obj
 0001:000186b0       _wcsicmp                   00000001800196b0 f   libucrt:wcsicmp.obj
 0001:00018738       _wcsicmp_l                 0000000180019738 f   libucrt:wcsicmp.obj
 0001:00018828       __acrt_initialize_timeset  0000000180019828 f   libucrt:timeset.obj
 0001:00018858       _isleadbyte_l              0000000180019858 f i libucrt:_wctype.obj
 0001:00018d74       ?expand_if_necessary@?$argument_list@D@?A0xca0879c4@@AEAAHXZ 0000000180019d74 f i libucrt:argv_wildcards.obj
 0001:00018e3c       __acrt_expand_narrow_argv_wildcards 0000000180019e3c f   libucrt:argv_wildcards.obj
 0001:00018e44       ??$?RV<lambda_99476a1ad63dd22509b5d3e65b0ffc95>@@AEAV<lambda_ad1ced32f4ac17aa236e5ef05d6b3b7c>@@V<lambda_f7424dd8d45958661754dc4f2697e9c3>@@@?$__crt_seh_guarded_call@X@@QEAAX$$QEAV<lambda_99476a1ad63dd22509b5d3e65b0ffc95>@@AEAV<lambda_ad1ced32f4ac17aa236e5ef05d6b3b7c>@@$$QEAV<lambda_f7424dd8d45958661754dc4f2697e9c3>@@@Z 0000000180019e44 f i libucrt:mbctype.obj
 0001:00019540       __acrt_initialize_multibyte 000000018001a540 f   libucrt:mbctype.obj
 0001:00019568       __acrt_update_thread_multibyte_data 000000018001a568 f   libucrt:mbctype.obj
 0001:00019628       _setmbcp_nolock            000000018001a628 f   libucrt:mbctype.obj
 0001:000198d0       __acrt_initialize_command_line 000000018001a8d0 f   libucrt:argv_data.obj
 0001:000198f8       __dcrt_get_narrow_environment_from_os 000000018001a8f8 f   libucrt:get_environment_from_os.obj
 0001:000199fc       _recalloc                  000000018001a9fc f   libucrt:recalloc.obj
 0001:00019a04       _recalloc_base             000000018001aa04 f   libucrt:recalloc.obj
 0001:00019a9c       __acrt_execute_initializers 000000018001aa9c f   libucrt:shared_initialization.obj
 0001:00019b30       __acrt_execute_uninitializers 000000018001ab30 f   libucrt:shared_initialization.obj
 0001:00019b80       __acrt_has_user_matherr    000000018001ab80 f   libucrt:matherr.obj
 0001:00019ba0       __acrt_initialize_user_matherr 000000018001aba0 f   libucrt:matherr.obj
 0001:00019ba8       __acrt_invoke_user_matherr 000000018001aba8 f   libucrt:matherr.obj
 0001:00019cb8       __acrt_DownlevelLCIDToLocaleName 000000018001acb8 f   libucrt:lcidtoname_downlevel.obj
 0001:00019d9c       __acrt_DownlevelLocaleNameToLCID 000000018001ad9c f   libucrt:lcidtoname_downlevel.obj
 0001:00019dd0       __acrt_lowio_create_handle_array 000000018001add0 f   libucrt:osfinfo.obj
 0001:00019e68       __acrt_lowio_destroy_handle_array 000000018001ae68 f   libucrt:osfinfo.obj
 0001:00019eb8       __acrt_lowio_ensure_fh_exists 000000018001aeb8 f   libucrt:osfinfo.obj
 0001:00019f70       __acrt_lowio_lock_fh       000000018001af70 f   libucrt:osfinfo.obj
 0001:00019f94       __acrt_lowio_unlock_fh     000000018001af94 f   libucrt:osfinfo.obj
 0001:00019fb8       _free_osfhnd               000000018001afb8 f   libucrt:osfinfo.obj
 0001:0001a074       _get_osfhandle             000000018001b074 f   libucrt:osfinfo.obj
 0001:0001a0ec       __acrt_add_locale_ref      000000018001b0ec f   libucrt:locale_refcounting.obj
 0001:0001a178       __acrt_free_locale         000000018001b178 f   libucrt:locale_refcounting.obj
 0001:0001a2f0       __acrt_locale_add_lc_time_reference 000000018001b2f0 f   libucrt:locale_refcounting.obj
 0001:0001a318       __acrt_locale_free_lc_time_if_unreferenced 000000018001b318 f   libucrt:locale_refcounting.obj
 0001:0001a350       __acrt_locale_release_lc_time_reference 000000018001b350 f   libucrt:locale_refcounting.obj
 0001:0001a378       __acrt_release_locale_ref  000000018001b378 f   libucrt:locale_refcounting.obj
 0001:0001a420       __acrt_update_thread_locale_data 000000018001b420 f   libucrt:locale_refcounting.obj
 0001:0001a490       _updatetlocinfoEx_nolock   000000018001b490 f   libucrt:locale_refcounting.obj
 0001:0001a4f8       __acrt_fp_strflt_to_string 000000018001b4f8 f   libucrt:_fptostr.obj
 0001:0001a5b8       __acrt_fltout              000000018001b5b8 f   libucrt:cfout.obj
 0001:0001b924       _isatty                    000000018001c924 f   libucrt:isatty.obj
 0001:0001b984       __acrt_locale_free_monetary 000000018001c984 f   libucrt:initmon.obj
 0001:0001ba90       __acrt_locale_initialize_monetary 000000018001ca90 f   libucrt:initmon.obj
 0001:0001bfc8       __acrt_locale_free_numeric 000000018001cfc8 f   libucrt:initnum.obj
 0001:0001c034       __acrt_locale_initialize_numeric 000000018001d034 f   libucrt:initnum.obj
 0001:0001c6b8       __acrt_locale_free_time    000000018001d6b8 f   libucrt:inittime.obj
 0001:0001c7c0       __acrt_locale_initialize_time 000000018001d7c0 f   libucrt:inittime.obj
 0001:0001c854       wcscat_s                   000000018001d854 f   libucrt:wcscat_s.obj
 0001:0001c8d4       wcsncpy_s                  000000018001d8d4 f   libucrt:wcsncpy_s.obj
 0001:0001c9b8       wcscspn                    000000018001d9b8 f   libucrt:wcscspn.obj
 0001:0001c9f8       wcsncmp                    000000018001d9f8 f   libucrt:wcsncmp.obj
 0001:0001ca24       wcspbrk                    000000018001da24 f   libucrt:wcspbrk.obj
 0001:0001d2c8       __acrt_get_qualified_locale 000000018001e2c8 f   libucrt:get_qualified_locale.obj
 0001:0001dcb4       __acrt_get_qualified_locale_downlevel 000000018001ecb4 f   libucrt:getqloc_downlevel.obj
 0001:0001df44       _putwch_nolock             000000018001ef44 f   libucrt:putwch.obj
 0001:0001e4d0       _read                      000000018001f4d0 f   libucrt:read.obj
 0001:0001e5e8       _read_nolock               000000018001f5e8 f   libucrt:read.obj
 0001:0001ea50       strncpy_s                  000000018001fa50 f   libucrt:strncpy_s.obj
 0001:0001eb24       _getfpcontrolword          000000018001fb24 f   libucrt:_fenvutils.obj
 0001:0001eb3c       _getfpstatusword           000000018001fb3c f   libucrt:_fenvutils.obj
 0001:0001eb50       _setfpcontrolword          000000018001fb50 f   libucrt:_fenvutils.obj
 0001:0001eb5c       _setfpstatusword           000000018001fb5c f   libucrt:_fenvutils.obj
 0001:0001ebc0       _get_fpsr                  000000018001fbc0 f   libucrt:fpsr.obj
 0001:0001ebd0       _set_fpsr                  000000018001fbd0 f   libucrt:fpsr.obj
 0001:0001ebda       _fclrf                     000000018001fbda f   libucrt:fpsr.obj
 0001:0001ebee       _frnd                      000000018001fbee f   libucrt:fpsr.obj
 0001:0001ed34       _handle_error              000000018001fd34 f   libucrt:libm_error.obj
 0001:0001ee5c       _handle_errorf             000000018001fe5c f   libucrt:libm_error.obj
 0001:0001ef90       _handle_nan                000000018001ff90 f   libucrt:libm_error.obj
 0001:0001efac       _handle_nanf               000000018001ffac f   libucrt:libm_error.obj
 0001:0001efbc       _towlower_l                000000018001ffbc f   libucrt:towlower.obj
 0001:0001f150       qsort                      0000000180020150 f   libucrt:qsort.obj
 0001:0001f484       strpbrk                    0000000180020484 f   libucrt:strpbrk.obj
 0001:0001f524       _mbsdec                    0000000180020524 f   libucrt:mbsdec.obj
 0001:0001f52c       _mbsdec_l                  000000018002052c f   libucrt:mbsdec.obj
 0001:0001f5dc       _msize                     00000001800205dc f   libucrt:msize.obj
 0001:0001f618       _query_app_type            0000000180020618 f   libucrt:report_runtime_error.obj
 0001:0001f620       fegetenv                   0000000180020620 f   libucrt:fegetenv.obj
 0001:0001f640       fesetenv                   0000000180020640 f   libucrt:fesetenv.obj
 0001:0001f68c       feholdexcept               000000018002068c f   libucrt:feholdexcept.obj
 0001:0001f6dc       ceil                       00000001800206dc f   libucrt:ceil.obj
 0001:0001f7a0       log10                      00000001800207a0 f   libucrt:log10.obj
 0001:0001fe74       _itow_s                    0000000180020e74 f   libucrt:xtoa.obj
 0001:0001fe94       _wcsnicmp                  0000000180020e94 f   libucrt:wcsnicmp.obj
 0001:0001ff30       _wcsnicmp_l                0000000180020f30 f   libucrt:wcsnicmp.obj
 0001:00020048       wcscmp                     0000000180021048 f   libucrt:wcscmp.obj
 0001:00020080       __dcrt_lowio_initialize_console_output 0000000180021080 f   libucrt:initcon.obj
 0001:000200bc       __dcrt_terminate_console_output 00000001800210bc f   libucrt:initcon.obj
 0001:000200dc       _clearfp                   00000001800210dc f   libucrt:ieee.obj
 0001:00020130       _controlfp                 0000000180021130 f   libucrt:ieee.obj
 0001:0002013c       _statusfp                  000000018002113c f   libucrt:ieee.obj
 0001:0002041c       __acrt_LCMapStringW        000000018002141c f   libucrt:lcmapstringw.obj
 0001:000204b0       _log10_special             00000001800214b0 f   libucrt:log_special.obj
 0001:00020566       IsProcessorFeaturePresent  0000000180021566 f   kernel32:KERNEL32.dll
 0001:0002056c       RtlUnwindEx                000000018002156c f   kernel32:KERNEL32.dll
 0001:00020574       ?DloadAcquireSectionWriteAccess@@YAXXZ 0000000180021574 f i DelayImp:delayhlp.obj
 0001:00020630       ?DloadGetSRWLockFunctionPointers@@YAEXZ 0000000180021630 f i DelayImp:delayhlp.obj
 0001:000206cc       ?DloadMakePermanentImageCommit@@YAXPEAX_K@Z 00000001800216cc f i DelayImp:delayhlp.obj
 0001:00020764       ?DloadObtainSection@@YAPEAXPEAK0@Z 0000000180021764 f i DelayImp:delayhlp.obj
 0001:000207fc       ?DloadProtectSection@@YAXKPEAK@Z 00000001800217fc f i DelayImp:delayhlp.obj
 0001:0002088c       ?DloadReleaseSectionWriteAccess@@YAXXZ 000000018002188c f i DelayImp:delayhlp.obj
 0001:00020930       __delayLoadHelper2         0000000180021930 f   DelayImp:delayhlp.obj
 0001:00020c30       _FindPESection             0000000180021c30 f   LIBCMT:pesect.obj
 0001:00020c80       _IsNonwritableInCurrentImage 0000000180021c80 f   LIBCMT:pesect.obj
 0001:00020cd0       _ValidateImageBase         0000000180021cd0 f   LIBCMT:pesect.obj
 0001:00020d00       strrchr                    0000000180021d00 f   libvcruntime:strrchr.obj
 0001:00020e40       wcschr                     0000000180021e40 f   libvcruntime:wcschr.obj
 0001:00020ef0       _guard_dispatch_icall_nop  0000000180021ef0 f   LIBCMT:_guard_dispatch_.obj
 0001:00021460       ??__F_Static@?1???$_Immortalize@V_Iostream_error_category@std@@@std@@YAAEAV_Iostream_error_category@0@XZ@YAXXZ 0000000180022460 f i module.obj
 0002:00000000       __imp_CreateCompatibleBitmap 0000000180023000     gdi32:GDI32.dll
 0002:00000008       __imp_SelectObject         0000000180023008     gdi32:GDI32.dll
 0002:00000010       __imp_CreateCompatibleDC   0000000180023010     gdi32:GDI32.dll
 0002:00000018       __imp_GetDeviceCaps        0000000180023018     gdi32:GDI32.dll
 0002:00000020       __imp_DeleteDC             0000000180023020     gdi32:GDI32.dll
 0002:00000028       __imp_BitBlt               0000000180023028     gdi32:GDI32.dll
 0002:00000030       \177GDI32_NULL_THUNK_DATA  0000000180023030     gdi32:GDI32.dll
 0002:00000038       __imp_VirtualProtect       0000000180023038     kernel32:KERNEL32.dll
[...]
 0004:00001c38       $pdata$__dcrt_lowio_initialize_console_output 000000018003cc38     libucrt:initcon.obj
 0004:00001c44       $pdata$__dcrt_terminate_console_output 000000018003cc44     libucrt:initcon.obj
 0004:00001c50       $pdata$_clearfp            000000018003cc50     libucrt:ieee.obj
 0004:00001c5c       $pdata$common_control87    000000018003cc5c     libucrt:ieee.obj
 0004:00001c68       $pdata$__acrt_LCMapStringW 000000018003cc68     libucrt:lcmapstringw.obj
 0004:00001c74       $pdata$_log10_special      000000018003cc74     libucrt:log_special.obj
 0004:00001c80       $pdata$_log_special_common 000000018003cc80     libucrt:log_special.obj
 0004:00001c8c       $pdata$?DloadAcquireSectionWriteAccess@@YAXXZ 000000018003cc8c     DelayImp:delayhlp.obj
 0004:00001c98       $pdata$?DloadGetSRWLockFunctionPointers@@YAEXZ 000000018003cc98     DelayImp:delayhlp.obj
 0004:00001ca4       $pdata$?DloadMakePermanentImageCommit@@YAXPEAX_K@Z 000000018003cca4     DelayImp:delayhlp.obj
 0004:00001cb0       $pdata$?DloadObtainSection@@YAPEAXPEAK0@Z 000000018003ccb0     DelayImp:delayhlp.obj
 0004:00001cbc       $pdata$?DloadProtectSection@@YAXKPEAK@Z 000000018003ccbc     DelayImp:delayhlp.obj
 0004:00001cc8       $pdata$?DloadReleaseSectionWriteAccess@@YAXXZ 000000018003ccc8     DelayImp:delayhlp.obj
 0004:00001cd4       $pdata$__delayLoadHelper2  000000018003ccd4     DelayImp:delayhlp.obj
 0004:00001ce0       $pdata$_IsNonwritableInCurrentImage 000000018003cce0     LIBCMT:pesect.obj
 0004:00001cec       $pdata$strrchr             000000018003ccec     libvcruntime:strrchr.obj
 0004:00001cf8       $pdata$wcschr              000000018003ccf8     libvcruntime:wcschr.obj
 0004:00001d10       $pdata$?dtor$0@?0???0?$basic_ostream@DU?$char_traits@D@std@@@std@@QEAA@PEAV?$basic_streambuf@DU?$char_traits@D@std@@@1@_N@Z@4HA 000000018003cd10     libcpmt:cout.obj
 0004:00001d1c       $pdata$?dtor$0@?0??_Getcat@?$codecvt@DDU_Mbstatet@@@std@@SA_KPEAPEBVfacet@locale@2@PEBV42@@Z@4HA 000000018003cd1c     libcpmt:cout.obj
 0004:00001d28       $pdata$?dtor$0@?0??_Getcat@?$ctype@D@std@@SA_KPEAPEBVfacet@locale@2@PEBV42@@Z@4HA 000000018003cd28     libcpmt:cout.obj
 0004:00001d34       $pdata$__scrt_is_nonwritable_in_current_image$filt$0 000000018003cd34     LIBCMT:utility.obj
 0004:00001d40       $pdata$?fin$0@?0??dllmain_crt_process_attach@@YAHQEAUHINSTANCE__@@QEAX@Z@4HA 000000018003cd40     LIBCMT:dll_dllmain.obj
 0004:00001d4c       $pdata$?fin$0@?0??dllmain_crt_process_detach@@YAH_N@Z@4HA 000000018003cd4c     LIBCMT:dll_dllmain.obj
 0004:00001d58       $pdata$?filt$0@?0??dllmain_dispatch@@YAHQEAUHINSTANCE__@@KQEAX@Z@4HA 000000018003cd58     LIBCMT:dll_dllmain.obj
 0004:00001d64       $pdata$__CxxCallCatchBlock$filt$0 000000018003cd64     libvcruntime:frame.obj
 0004:00001d70       $pdata$__CxxCallCatchBlock$fin$1 000000018003cd70     libvcruntime:frame.obj
 0004:00001d7c       $pdata$__DestructExceptionObject$filt$0 000000018003cd7c     libvcruntime:frame.obj
 0004:00001d88       $pdata$__FrameUnwindToState$filt$0 000000018003cd88     libvcruntime:frame.obj
 0004:00001d94       $pdata$__FrameUnwindToState$fin$1 000000018003cd94     libvcruntime:frame.obj
 0004:00001da0       $pdata$_CallSETranslator$filt$0 000000018003cda0     libvcruntime:trnsctrl.obj
 0004:00001dac       $pdata$?fin$0@?0???$?RV<lambda_aa279a7bcb127014629d5b1d62c7325d>@@AEAV<lambda_0a64b6a4deda75c01876f29c44fc5eb3>@@V<lambda_3323e69fbefe9d1a11713e670d47cdfa>@@@?$__crt_seh_guarded_call@H@@QEAAH$$QEAV<lambda_aa279a7bcb127014629d5b1d62c7325d>@@AEAV<lambda_0a64b6a4deda75c01876f29c44fc5eb3>@@$$QEAV<lambda_3323e69fbefe9d1a11713e670d47cdfa>@@@Z@4HA 000000018003cdac     libucrt:output.obj
 0004:00001dac       $pdata$?fin$0@?0???$?RV<lambda_7a5ef57ff966f610505f1d28a3d40618>@@AEAV<lambda_b721fa326cdb32351d23dfa67958c160>@@V<lambda_5e0fb27672408a07956fe59e48ccb2aa>@@@?$__crt_seh_guarded_call@H@@QEAAH$$QEAV<lambda_7a5ef57ff966f610505f1d28a3d40618>@@AEAV<lambda_b721fa326cdb32351d23dfa67958c160>@@$$QEAV<lambda_5e0fb27672408a07956fe59e48ccb2aa>@@@Z@4HA 000000018003cdac     libucrt:setvbuf.obj
 0004:00001dac       $pdata$?fin$0@?0???$?RV<lambda_5d4c3fee44080f75d5d9762853974fe0>@@AEAV<lambda_532e024f4337e6fc7ad266c2bef9f4ed>@@V<lambda_c87bdc10097eb2402edb8ba9bdf0697b>@@@?$__crt_seh_guarded_call@_K@@QEAA_K$$QEAV<lambda_5d4c3fee44080f75d5d9762853974fe0>@@AEAV<lambda_532e024f4337e6fc7ad266c2bef9f4ed>@@$$QEAV<lambda_c87bdc10097eb2402edb8ba9bdf0697b>@@@Z@4HA 000000018003cdac     libucrt:fwrite.obj
 0004:00001db8       $pdata$common_flush_all$fin$0 000000018003cdb8     libucrt:fflush.obj
 0004:00001dc4       $pdata$common_flush_all$fin$1 000000018003cdc4     libucrt:fflush.obj
 0004:00001dd0       $pdata$fflush$fin$0        000000018003cdd0     libucrt:fflush.obj
 0004:00001dd0       $pdata$fclose$fin$0        000000018003cdd0     libucrt:fclose.obj
 0004:00001ddc       $pdata$fgetc$fin$0         000000018003cddc     libucrt:fgetc.obj
 0004:00001de8       $pdata$fputc$fin$0         000000018003cde8     libucrt:fputc.obj
 0004:00001df4       $pdata$?fin$0@?0???$common_ftell@_J@@YA_JV__crt_stdio_stream@@@Z@4HA 000000018003cdf4     libucrt:ftell.obj
 0004:00001df4       $pdata$?fin$0@?0??common_fseek@@YAHV__crt_stdio_stream@@_JH@Z@4HA 000000018003cdf4     libucrt:fseek.obj
 0004:00001e00       $pdata$ungetc$fin$0        000000018003ce00     libucrt:ungetc.obj
 0004:00001e0c       $pdata$setlocale$fin$0     000000018003ce0c     libucrt:setlocale.obj
 0004:00001e18       $pdata$_query_new_handler$fin$0 000000018003ce18     libucrt:new_handler.obj
 0004:00001e24       $pdata$?filt$0@?0??common_exit@@YAXHW4_crt_exit_cleanup_mode@@W4_crt_exit_return_mode@@@Z@4HA 000000018003ce24     libucrt:exit.obj
 0004:00001e30       $pdata$?fin$1@?0??common_exit@@YAXHW4_crt_exit_cleanup_mode@@W4_crt_exit_return_mode@@@Z@4HA 000000018003ce30     libucrt:exit.obj
 0004:00001e3c       $pdata$?fin$0@?0???$?RV<lambda_e24bbb7b643b32fcea6fa61b31d4c984>@@AEAV<lambda_275893d493268fdec8709772e3fcec0e>@@V<lambda_9d71df4d7cf3f480f8d633942495c3b0>@@@?$__crt_seh_guarded_call@H@@QEAAH$$QEAV<lambda_e24bbb7b643b32fcea6fa61b31d4c984>@@AEAV<lambda_275893d493268fdec8709772e3fcec0e>@@$$QEAV<lambda_9d71df4d7cf3f480f8d633942495c3b0>@@@Z@4HA 000000018003ce3c     libucrt:onexit.obj
 0004:00001e48       $pdata$_fcloseall$fin$0    000000018003ce48     libucrt:closeall.obj
 0004:00001e54       $pdata$__acrt_lowio_ensure_fh_exists$fin$0 000000018003ce54     libucrt:osfinfo.obj
 0004:00001e54       $pdata$__acrt_initialize_lowio$fin$0 000000018003ce54     libucrt:ioinit.obj
 0004:00001e60       $pdata$?fin$0@?0???$?RV<lambda_5df02c53a8f32f81fd64e5bbb78039f1>@@AEAV<lambda_2af78c5f5901b1372d98f9ab3177dfa6>@@AEAV<lambda_f51fe5fd7c79a33db34fc9310f277369>@@@?$__crt_seh_guarded_call@X@@QEAAX$$QEAV<lambda_5df02c53a8f32f81fd64e5bbb78039f1>@@AEAV<lambda_2af78c5f5901b1372d98f9ab3177dfa6>@@AEAV<lambda_f51fe5fd7c79a33db34fc9310f277369>@@@Z@4HA 000000018003ce60     libucrt:wsetlocale.obj
 0004:00001e6c       $pdata$?fin$0@?0???$?RV<lambda_99476a1ad63dd22509b5d3e65b0ffc95>@@AEAV<lambda_ad1ced32f4ac17aa236e5ef05d6b3b7c>@@V<lambda_f7424dd8d45958661754dc4f2697e9c3>@@@?$__crt_seh_guarded_call@X@@QEAAX$$QEAV<lambda_99476a1ad63dd22509b5d3e65b0ffc95>@@AEAV<lambda_ad1ced32f4ac17aa236e5ef05d6b3b7c>@@$$QEAV<lambda_f7424dd8d45958661754dc4f2697e9c3>@@@Z@4HA 000000018003ce6c     libucrt:mbctype.obj
 0004:00001e6c       $pdata$?fin$0@?0???$?RV<lambda_72d1df2b273a38828b1ce30cbf4cdab5>@@AEAV<lambda_876a65b173b8412d3a47c70a915b0cf4>@@V<lambda_41932305e351933ebe8f8be3ed8bb5dc>@@@?$__crt_seh_guarded_call@X@@QEAAX$$QEAV<lambda_72d1df2b273a38828b1ce30cbf4cdab5>@@AEAV<lambda_876a65b173b8412d3a47c70a915b0cf4>@@$$QEAV<lambda_41932305e351933ebe8f8be3ed8bb5dc>@@@Z@4HA 000000018003ce6c     libucrt:per_thread_data.obj
 0004:00001e6c       $pdata$?fin$0@?0???$?RV<lambda_b8c45f8f788dd370798f47cfe8ac3a86>@@AEAV<lambda_4e60a939b0d047cfe11ddc22648dfba9>@@V<lambda_332c3edc96d0294ec56c57d38c1cdfd5>@@@?$__crt_seh_guarded_call@H@@QEAAH$$QEAV<lambda_b8c45f8f788dd370798f47cfe8ac3a86>@@AEAV<lambda_4e60a939b0d047cfe11ddc22648dfba9>@@$$QEAV<lambda_332c3edc96d0294ec56c57d38c1cdfd5>@@@Z@4HA 000000018003ce6c     libucrt:onexit.obj
 0004:00001e6c       $pdata$?fin$0@?0???$?RV<lambda_5e887d1dcbef67a5eb4283622ba103bf>@@AEAV<lambda_4466841279450cc726390878d4a41900>@@V<lambda_341c25c0346d94847f1f3c463c57e077>@@@?$__crt_seh_guarded_call@X@@QEAAX$$QEAV<lambda_5e887d1dcbef67a5eb4283622ba103bf>@@AEAV<lambda_4466841279450cc726390878d4a41900>@@$$QEAV<lambda_341c25c0346d94847f1f3c463c57e077>@@@Z@4HA 000000018003ce6c     libucrt:per_thread_data.obj
 0004:00001e6c       $pdata$?fin$0@?0???$?RV<lambda_46352004c1216016012b18bd6f87e700>@@AEAV<lambda_3bd07e1a1191394380780325891bf33f>@@V<lambda_334532d3f185bcaa59b5be82d7d22bff>@@@?$__crt_seh_guarded_call@X@@QEAAX$$QEAV<lambda_46352004c1216016012b18bd6f87e700>@@AEAV<lambda_3bd07e1a1191394380780325891bf33f>@@$$QEAV<lambda_334532d3f185bcaa59b5be82d7d22bff>@@@Z@4HA 000000018003ce6c     libucrt:per_thread_data.obj
 0004:00001e6c       $pdata$?fin$0@?0???$?RV<lambda_630b2aca97f6d20d5b5ea6529ea6b6af>@@AEAV<lambda_af91936f1d075d609f72d9d8cba980af>@@V<lambda_e82fa975f615b5c7c7b0e4d178fdae67>@@@?$__crt_seh_guarded_call@H@@QEAAH$$QEAV<lambda_630b2aca97f6d20d5b5ea6529ea6b6af>@@AEAV<lambda_af91936f1d075d609f72d9d8cba980af>@@$$QEAV<lambda_e82fa975f615b5c7c7b0e4d178fdae67>@@@Z@4HA 000000018003ce6c     libucrt:winapi_thunks.obj
 0004:00001e6c       $pdata$?fin$0@?0???$?RV<lambda_fb3a7dec4e47f37f22dae91bb15c9095>@@AEAV<lambda_698284760c8add0bfb0756c19673e34b>@@V<lambda_dfb8eca1e75fef3034a8fb18dd509707>@@@?$__crt_seh_guarded_call@X@@QEAAX$$QEAV<lambda_fb3a7dec4e47f37f22dae91bb15c9095>@@AEAV<lambda_698284760c8add0bfb0756c19673e34b>@@$$QEAV<lambda_dfb8eca1e75fef3034a8fb18dd509707>@@@Z@4HA 000000018003ce6c     libucrt:per_thread_data.obj
 0004:00001e6c       $pdata$?fin$0@?0???$?RV<lambda_c36588078e9f5dfd39652860aa6b3aaf>@@AEAV<lambda_ec61778202f4f5fc7e7711acc23c3bca>@@V<lambda_dc9d2797ccde5d239b4a0efae8ebd7db>@@@?$__crt_seh_guarded_call@P6AXH@Z@@QEAAP6AXH@Z$$QEAV<lambda_c36588078e9f5dfd39652860aa6b3aaf>@@AEAV<lambda_ec61778202f4f5fc7e7711acc23c3bca>@@$$QEAV<lambda_dc9d2797ccde5d239b4a0efae8ebd7db>@@@Z@4HA 000000018003ce6c     libucrt:signal.obj
 0004:00001e6c       $pdata$?fin$0@?0???$?RV<lambda_d67e8342c384adda8f857579ab50b2ae>@@AEAV<lambda_30712929f77e709619002f448b6a9510>@@V<lambda_4525336fd7e478d965fb7ca7a337cad8>@@@?$__crt_seh_guarded_call@X@@QEAAX$$QEAV<lambda_d67e8342c384adda8f857579ab50b2ae>@@AEAV<lambda_30712929f77e709619002f448b6a9510>@@$$QEAV<lambda_4525336fd7e478d965fb7ca7a337cad8>@@@Z@4HA 000000018003ce6c     libucrt:wsetlocale.obj
 0004:00001e78       $pdata$?fin$0@?0???$?RV<lambda_b521505b218e5242e90febf6bfebc422>@@AEAV<lambda_6978c1fb23f02e42e1d9e99668cc68aa>@@V<lambda_314360699dd331753a4119843814e9a7>@@@?$__crt_seh_guarded_call@H@@QEAAH$$QEAV<lambda_b521505b218e5242e90febf6bfebc422>@@AEAV<lambda_6978c1fb23f02e42e1d9e99668cc68aa>@@$$QEAV<lambda_314360699dd331753a4119843814e9a7>@@@Z@4HA 000000018003ce78     libucrt:commit.obj
 0004:00001e78       $pdata$?fin$0@?0???$?RV<lambda_bfedae4ebbf01fab1bb6dcc6a9e276e0>@@AEAV<lambda_2fe9b910cf3cbf4a0ab98a02ba45b3ec>@@V<lambda_237c231691f317818eb88cc1d5d642d6>@@@?$__crt_seh_guarded_call@H@@QEAAH$$QEAV<lambda_bfedae4ebbf01fab1bb6dcc6a9e276e0>@@AEAV<lambda_2fe9b910cf3cbf4a0ab98a02ba45b3ec>@@$$QEAV<lambda_237c231691f317818eb88cc1d5d642d6>@@@Z@4HA 000000018003ce78     libucrt:close.obj
 0004:00001e84       $pdata$_write$fin$0        000000018003ce84     libucrt:write.obj
 0004:00001e84       $pdata$_read$fin$0         000000018003ce84     libucrt:read.obj
 0004:00001e84       $pdata$?fin$0@?0???$common_lseek@_J@@YA_JH_JH@Z@4HA 000000018003ce84     libucrt:lseek.obj
 0004:00001e90       $pdata$raise$fin$0         000000018003ce90     libucrt:signal.obj
 0004:00001e9c       $pdata$_ctrlfp$filt$0      000000018003ce9c     libucrt:fpctrl.obj
 0004:00001e9c       $pdata$common_control87$filt$0 000000018003ce9c     libucrt:ieee.obj
 0004:00001ea8       $pdata$__acrt_update_thread_multibyte_data$fin$0 000000018003cea8     libucrt:mbctype.obj
 0004:00001eb4       $pdata$__acrt_update_thread_locale_data$fin$0 000000018003ceb4     libucrt:locale_refcounting.obj
 0004:00001eb4       $pdata$__acrt_uninitialize_locale$fin$0 000000018003ceb4     libucrt:wsetlocale.obj
 0004:00001ec0       $pdata$_IsNonwritableInCurrentImage$filt$0 000000018003cec0     LIBCMT:pesect.obj
 0004:00001ecc       $pdata$??__Fcout@std@@YAXXZ 000000018003cecc     libcpmt:cout.obj
 0004:00001ed8       $pdata$??__F_Fac_tidy_reg@std@@YAXXZ 000000018003ced8     libcpmt:locale0.obj
 0004:00001ee4       $pdata$??__Fclassic_locale@std@@YAXXZ 000000018003cee4     libcpmt:locale0.obj
 0004:00001ef0       $pdata$??__Finit_atexit@@YAXXZ 000000018003cef0     libcpmt:iosptrs.obj
 0005:00000000       __guard_fids__             000000018003d000     libucrt:initialization.obj
 0005:00000060       __guard_fids__             000000018003d060     libucrt:stdio_initializer.obj
 0005:00000064       __guard_fids__             000000018003d064     libucrt:stdio_initializer.obj
 0005:00000068       __guard_fids_??$?RV<lambda_630b2aca97f6d20d5b5ea6529ea6b6af>@@AEAV<lambda_af91936f1d075d609f72d9d8cba980af>@@V<lambda_e82fa975f615b5c7c7b0e4d178fdae67>@@@?$__crt_seh_guarded_call@H@@QEAAH$$QEAV<lambda_630b2aca97f6d20d5b5ea6529ea6b6af>@@AEAV<lambda_af91936f1d075d609f72d9d8cba980af>@@$$QEAV<lambda_e82fa975f615b5c7c7b0e4d178fdae67>@@@Z 000000018003d068     libucrt:winapi_thunks.obj
 0005:0000006c       __guard_fids___acrt_initialize_ptd 000000018003d06c     libucrt:per_thread_data.obj
 0005:00000070       __guard_fids__             000000018003d070     libucrt:wsetlocale.obj
 0005:00000088       __guard_fids_??$expand_argument_wildcards@D@@YAHQEAD0AEAV?$argument_list@D@?A0xca0879c4@@@Z 000000018003d088     libucrt:argv_wildcards.obj
 0005:0000008c       __guard_fids__             000000018003d08c     libucrt:locale_initializer.obj
 0005:00000090       __guard_fids_GetLocaleNameFromLangCountry 000000018003d090     libucrt:get_qualified_locale.obj
 0005:00000094       __guard_fids_GetLocaleNameFromLanguage 000000018003d094     libucrt:get_qualified_locale.obj
 0005:00000098       __guard_fids___acrt_get_qualified_locale_downlevel 000000018003d098     libucrt:getqloc_downlevel.obj
 0005:0000009c       __guard_fids_GetLcidFromLangCountry 000000018003d09c     libucrt:getqloc_downlevel.obj
 0005:000000a0       __guard_fids_GetLcidFromLanguage 000000018003d0a0     libucrt:getqloc_downlevel.obj
 0005:000000a4       __guard_fids__             000000018003d0a4     libucrt:fma3_initializer.obj
 0005:000000a8       __guard_fids__             000000018003d0a8     libucrt:timeset_initializer.obj
 0005:000000ac       __guard_fids__             000000018003d0ac     libucrt:multibyte_initializer.obj
 0005:000000b0       __guard_fids__             000000018003d0b0     libucrt:console_output_initializer.obj
 0005:000000b4       __guard_fids_??__Einitlocks@@YAXXZ 000000018003d0b4     libcpmt:cout.obj
 0005:000000b8       __guard_fids_??__Efout@std@@YAXXZ 000000018003d0b8     libcpmt:cout.obj
 0005:000000bc       __guard_fids_??__Ecout@std@@YAXXZ 000000018003d0bc     libcpmt:cout.obj
 0005:000000c0       __guard_fids__             000000018003d0c0     libcpmt:cout.obj
 0005:000000c8       __guard_fids__             000000018003d0c8     libcpmt:cout.obj
 0005:000000d0       __guard_fids__             000000018003d0d0     libcpmt:cout.obj
 0005:000000d8       __guard_fids__             000000018003d0d8     libcpmt:cout.obj
 0005:000000e4       __guard_fids__             000000018003d0e4     libcpmt:cout.obj
 0005:00000110       __guard_fids__             000000018003d110     libcpmt:cout.obj
 0005:00000128       __guard_fids__             000000018003d128     libcpmt:cout.obj
 0005:00000130       __guard_fids__             000000018003d130     libcpmt:cout.obj
 0005:00000138       __guard_fids__             000000018003d138     libcpmt:cout.obj
 0005:00000150       __guard_fids__             000000018003d150     libcpmt:cout.obj
 0005:00000158       __guard_fids__             000000018003d158     libcpmt:cout.obj
 0005:0000015c       __guard_fids__             000000018003d15c     libcpmt:cout.obj
 0005:00000198       __guard_fids__             000000018003d198     libcpmt:cout.obj
 0005:000001d4       __guard_fids__             000000018003d1d4     libcpmt:cout.obj
 0005:000001d8       __guard_fids__             000000018003d1d8     libcpmt:cout.obj
 0005:000001dc       __guard_fids__             000000018003d1dc     libcpmt:cout.obj
 0005:00000204       __guard_fids__             000000018003d204     libcpmt:cout.obj
 0005:00000208       __guard_fids__             000000018003d208     libcpmt:cout.obj
 0005:0000020c       __guard_fids__             000000018003d20c     libcpmt:cout.obj
 0005:00000210       __guard_fids__             000000018003d210     libcpmt:cout.obj
 0005:00000214       __guard_fids__             000000018003d214     libcpmt:xthrow.obj
 0005:0000021c       __guard_fids__             000000018003d21c     libcpmt:xthrow.obj
 0005:00000224       __guard_fids__             000000018003d224     libcpmt:xthrow.obj
 0005:0000022c       __guard_fids__             000000018003d22c     libcpmt:xthrow.obj
 0005:00000234       __guard_fids_??__Einitlocks@std@@YAXXZ 000000018003d234     libcpmt:xlock.obj
 0005:00000238       __guard_fids__             000000018003d238     libcpmt:xlock.obj
 0005:0000023c       __guard_fids_??__E_Fac_tidy_reg@std@@YAXXZ 000000018003d23c     libcpmt:locale0.obj
 0005:00000240       __guard_fids_?_Setgloballocale@locale@std@@CAXPEAX@Z 000000018003d240     libcpmt:locale0.obj
 0005:00000244       __guard_fids_??__Eclassic_locale@std@@YAXXZ 000000018003d244     libcpmt:locale0.obj
 0005:00000248       __guard_fids__             000000018003d248     libcpmt:locale0.obj
 0005:00000254       __guard_fids__             000000018003d254     libcpmt:locale0.obj
 0005:00000258       __guard_fids__             000000018003d258     libcpmt:locale0.obj
 0005:0000025c       __guard_fids_??__Einitlocks@std@@YAXXZ 000000018003d25c     libcpmt:iosptrs.obj
 0005:00000260       __guard_fids_??__Einit_atexit@@YAXXZ 000000018003d260     libcpmt:iosptrs.obj
 0005:00000264       __guard_fids__             000000018003d264     libcpmt:iosptrs.obj
 0005:00000268       __guard_fids__             000000018003d268     libcpmt:iosptrs.obj
 0005:0000026c       __guard_fids__             000000018003d26c     libcpmt:winapisupp.obj
 0005:00000270       __guard_fids__             000000018003d270     LIBCMT:thread_safe_statics.obj
 0005:00000274       __guard_fids_?__scrt_initialize_thread_safe_statics@@YAHXZ 000000018003d274     LIBCMT:thread_safe_statics.obj
 0005:00000278       __guard_fids_?dllmain_crt_process_attach@@YAHQEAUHINSTANCE__@@QEAX@Z 000000018003d278     LIBCMT:dll_dllmain.obj
 0005:00000280       __guard_fids_?dllmain_dispatch@@YAHQEAUHINSTANCE__@@KQEAX@Z 000000018003d280     LIBCMT:dll_dllmain.obj
 0005:00000284       __guard_fids__             000000018003d284     LIBCMT:std_type_info_static.obj
 0005:00000288       __guard_fids__             000000018003d288     LIBCMT:throw_bad_alloc.obj
 0005:00000290       __guard_fids__             000000018003d290     LIBCMT:guard_support.obj
 0005:00000294       __guard_fids__             000000018003d294     libvcruntime:frame.obj
 0005:00000298       __guard_fids__             000000018003d298     libvcruntime:frame.obj
 0005:000002a0       __guard_fids__UnwindNestedFrames 000000018003d2a0     libvcruntime:trnsctrl.obj
 0005:000002a4       __guard_fids___vcrt_initialize_ptd 000000018003d2a4     libvcruntime:per_thread_data.obj
 0007:00000060       $R000000                   000000018003f060     * linker generated manifest res *

 Exports

  ordinal    name

        1    _register_module_
